Component: ARM Compiler 5.06 update 7 (build 960) Tool: armlink [4d3601]

==============================================================================

Section Cross References

    system_stm32f10x.o(i.SetSysClock) refers to system_stm32f10x.o(i.SetSysClockTo72) for SetSysClockTo72
    system_stm32f10x.o(i.SystemCoreClockUpdate) refers to system_stm32f10x.o(.data) for SystemCoreClock
    system_stm32f10x.o(i.SystemInit) refers to system_stm32f10x.o(i.SetSysClock) for SetSysClock
    stm32f10x_adc.o(i.ADC_DeInit) refers to stm32f10x_rcc.o(i.RCC_APB2PeriphResetCmd) for RCC_APB2PeriphResetCmd
    stm32f10x_bkp.o(i.BKP_DeInit) refers to stm32f10x_rcc.o(i.RCC_BackupResetCmd) for RCC_BackupResetCmd
    stm32f10x_can.o(i.CAN_DeInit) refers to stm32f10x_rcc.o(i.RCC_APB1PeriphResetCmd) for RCC_APB1PeriphResetCmd
    stm32f10x_can.o(i.CAN_GetITStatus) refers to stm32f10x_can.o(i.CheckITStatus) for CheckITStatus
    stm32f10x_cec.o(i.CEC_DeInit) refers to stm32f10x_rcc.o(i.RCC_APB1PeriphResetCmd) for RCC_APB1PeriphResetCmd
    stm32f10x_dac.o(i.DAC_DeInit) refers to stm32f10x_rcc.o(i.RCC_APB1PeriphResetCmd) for RCC_APB1PeriphResetCmd
    stm32f10x_flash.o(i.FLASH_EnableWriteProtection) refers to stm32f10x_flash.o(i.FLASH_WaitForLastOperation) for FLASH_WaitForLastOperation
    stm32f10x_flash.o(i.FLASH_EraseAllBank1Pages) refers to stm32f10x_flash.o(i.FLASH_WaitForLastBank1Operation) for FLASH_WaitForLastBank1Operation
    stm32f10x_flash.o(i.FLASH_EraseAllPages) refers to stm32f10x_flash.o(i.FLASH_WaitForLastOperation) for FLASH_WaitForLastOperation
    stm32f10x_flash.o(i.FLASH_EraseOptionBytes) refers to stm32f10x_flash.o(i.FLASH_GetReadOutProtectionStatus) for FLASH_GetReadOutProtectionStatus
    stm32f10x_flash.o(i.FLASH_EraseOptionBytes) refers to stm32f10x_flash.o(i.FLASH_WaitForLastOperation) for FLASH_WaitForLastOperation
    stm32f10x_flash.o(i.FLASH_ErasePage) refers to stm32f10x_flash.o(i.FLASH_WaitForLastOperation) for FLASH_WaitForLastOperation
    stm32f10x_flash.o(i.FLASH_ProgramHalfWord) refers to stm32f10x_flash.o(i.FLASH_WaitForLastOperation) for FLASH_WaitForLastOperation
    stm32f10x_flash.o(i.FLASH_ProgramOptionByteData) refers to stm32f10x_flash.o(i.FLASH_WaitForLastOperation) for FLASH_WaitForLastOperation
    stm32f10x_flash.o(i.FLASH_ProgramWord) refers to stm32f10x_flash.o(i.FLASH_WaitForLastOperation) for FLASH_WaitForLastOperation
    stm32f10x_flash.o(i.FLASH_ReadOutProtection) refers to stm32f10x_flash.o(i.FLASH_WaitForLastOperation) for FLASH_WaitForLastOperation
    stm32f10x_flash.o(i.FLASH_UserOptionByteConfig) refers to stm32f10x_flash.o(i.FLASH_WaitForLastOperation) for FLASH_WaitForLastOperation
    stm32f10x_flash.o(i.FLASH_WaitForLastBank1Operation) refers to stm32f10x_flash.o(i.FLASH_GetBank1Status) for FLASH_GetBank1Status
    stm32f10x_flash.o(i.FLASH_WaitForLastOperation) refers to stm32f10x_flash.o(i.FLASH_GetBank1Status) for FLASH_GetBank1Status
    stm32f10x_gpio.o(i.GPIO_AFIODeInit) refers to stm32f10x_rcc.o(i.RCC_APB2PeriphResetCmd) for RCC_APB2PeriphResetCmd
    stm32f10x_gpio.o(i.GPIO_DeInit) refers to stm32f10x_rcc.o(i.RCC_APB2PeriphResetCmd) for RCC_APB2PeriphResetCmd
    stm32f10x_i2c.o(i.I2C_DeInit) refers to stm32f10x_rcc.o(i.RCC_APB1PeriphResetCmd) for RCC_APB1PeriphResetCmd
    stm32f10x_i2c.o(i.I2C_Init) refers to stm32f10x_rcc.o(i.RCC_GetClocksFreq) for RCC_GetClocksFreq
    stm32f10x_pwr.o(i.PWR_DeInit) refers to stm32f10x_rcc.o(i.RCC_APB1PeriphResetCmd) for RCC_APB1PeriphResetCmd
    stm32f10x_rcc.o(i.RCC_GetClocksFreq) refers to stm32f10x_rcc.o(.data) for APBAHBPrescTable
    stm32f10x_rcc.o(i.RCC_WaitForHSEStartUp) refers to stm32f10x_rcc.o(i.RCC_GetFlagStatus) for RCC_GetFlagStatus
    stm32f10x_rtc.o(i.RTC_SetAlarm) refers to stm32f10x_rtc.o(i.RTC_EnterConfigMode) for RTC_EnterConfigMode
    stm32f10x_rtc.o(i.RTC_SetAlarm) refers to stm32f10x_rtc.o(i.RTC_ExitConfigMode) for RTC_ExitConfigMode
    stm32f10x_rtc.o(i.RTC_SetCounter) refers to stm32f10x_rtc.o(i.RTC_EnterConfigMode) for RTC_EnterConfigMode
    stm32f10x_rtc.o(i.RTC_SetCounter) refers to stm32f10x_rtc.o(i.RTC_ExitConfigMode) for RTC_ExitConfigMode
    stm32f10x_rtc.o(i.RTC_SetPrescaler) refers to stm32f10x_rtc.o(i.RTC_EnterConfigMode) for RTC_EnterConfigMode
    stm32f10x_rtc.o(i.RTC_SetPrescaler) refers to stm32f10x_rtc.o(i.RTC_ExitConfigMode) for RTC_ExitConfigMode
    stm32f10x_spi.o(i.I2S_Init) refers to stm32f10x_rcc.o(i.RCC_GetClocksFreq) for RCC_GetClocksFreq
    stm32f10x_spi.o(i.SPI_I2S_DeInit) refers to stm32f10x_rcc.o(i.RCC_APB2PeriphResetCmd) for RCC_APB2PeriphResetCmd
    stm32f10x_spi.o(i.SPI_I2S_DeInit) refers to stm32f10x_rcc.o(i.RCC_APB1PeriphResetCmd) for RCC_APB1PeriphResetCmd
    stm32f10x_tim.o(i.TIM_DeInit) refers to stm32f10x_rcc.o(i.RCC_APB2PeriphResetCmd) for RCC_APB2PeriphResetCmd
    stm32f10x_tim.o(i.TIM_DeInit) refers to stm32f10x_rcc.o(i.RCC_APB1PeriphResetCmd) for RCC_APB1PeriphResetCmd
[...]
    .ARM.Collect$$rtexit$$00000000           0x080001d8   Section        2  rtexit.o(.ARM.Collect$$rtexit$$00000000)
    .ARM.Collect$$rtexit$$00000002           0x080001da   Section        0  rtexit2.o(.ARM.Collect$$rtexit$$00000002)
    .ARM.Collect$$rtexit$$00000003           0x080001da   Section        4  rtexit2.o(.ARM.Collect$$rtexit$$00000003)
    .ARM.Collect$$rtexit$$00000004           0x080001de   Section        6  rtexit2.o(.ARM.Collect$$rtexit$$00000004)
    .text                                    0x080001e4   Section       64  startup_stm32f10x_hd.o(.text)
    .text                                    0x08000224   Section        0  noretval__2sprintf.o(.text)
    .text                                    0x0800024c   Section        0  _printf_pad.o(.text)
    .text                                    0x0800029c   Section        0  __printf_flags_wp.o(.text)
    .text                                    0x080003d4   Section        0  heapauxi.o(.text)
    .text                                    0x080003da   Section        0  _printf_fp_dec.o(.text)
    _fp_digits                               0x080003dd   Thumb Code   432  _printf_fp_dec.o(.text)
    .text                                    0x080007f8   Section        0  _printf_char_common.o(.text)
    _printf_input_char                       0x080007f9   Thumb Code    10  _printf_char_common.o(.text)
    .text                                    0x08000828   Section        0  _sputc.o(.text)
    .text                                    0x08000834   Section        8  rt_locale_intlibspace.o(.text)
    .text                                    0x0800083c   Section      138  lludiv10.o(.text)
    .text                                    0x080008c8   Section        0  _printf_fp_infnan.o(.text)
    .text                                    0x08000948   Section        0  bigflt0.o(.text)
    .text                                    0x08000a2c   Section        8  libspace.o(.text)
    .text                                    0x08000a34   Section       74  sys_stackheap_outer.o(.text)
    .text                                    0x08000a7e   Section        0  exit.o(.text)
    .text                                    0x08000a90   Section      128  strcmpv7m.o(.text)
    .text                                    0x08000b10   Section        0  sys_exit.o(.text)
    .text                                    0x08000b1c   Section        2  use_no_semi.o(.text)
    .text                                    0x08000b1e   Section        0  indicate_semi.o(.text)
    CL$$btod_d2e                             0x08000b1e   Section       62  btod.o(CL$$btod_d2e)
    CL$$btod_d2e_denorm_low                  0x08000b5c   Section       70  btod.o(CL$$btod_d2e_denorm_low)
    CL$$btod_d2e_norm_op1                    0x08000ba2   Section       96  btod.o(CL$$btod_d2e_norm_op1)
    CL$$btod_div_common                      0x08000c02   Section      824  btod.o(CL$$btod_div_common)
    CL$$btod_e2e                             0x08000f3a   Section      220  btod.o(CL$$btod_e2e)
    CL$$btod_ediv                            0x08001016   Section       42  btod.o(CL$$btod_ediv)
    CL$$btod_emul                            0x08001040   Section       42  btod.o(CL$$btod_emul)
    CL$$btod_mult_common                     0x0800106a   Section      580  btod.o(CL$$btod_mult_common)
    i.BusFault_Handler                       0x080012ae   Section        0  stm32f10x_it.o(i.BusFault_Handler)
    i.ClearOLEDLine                          0x080012b2   Section        0  oled_i2c.o(i.ClearOLEDLine)
    i.DHT22_0_Int_Init                       0x08001350   Section        0  dht22.o(i.DHT22_0_Int_Init)
    i.DHT22_Configuration                    0x08001364   Section        0  dht22.o(i.DHT22_Configuration)
    i.DHT22_IPU                              0x08001408   Section        0  dht22.o(i.DHT22_IPU)
    i.DHT22_PP                               0x0800142c   Section        0  dht22.o(i.DHT22_PP)
    i.DHT22_checksum                         0x08001450   Section        0  dht22.o(i.DHT22_checksum)
    i.DHT22_get                              0x080015a4   Section        0  dht22.o(i.DHT22_get)
    i.DHT22_time                             0x08001600   Section        0  dht22.o(i.DHT22_time)
    i.DHT22_ts                               0x0800164c   Section        0  dht22.o(i.DHT22_ts)
    i.DHT22_ts_bit                           0x080016b4   Section        0  dht22.o(i.DHT22_ts_bit)
    i.DHT22_tst_err                          0x08001844   Section        0  dht22.o(i.DHT22_tst_err)
    i.DHT22_tst_stop                         0x080018a8   Section        0  dht22.o(i.DHT22_tst_stop)
    i.DP_Configuration                       0x0800195c   Section        0  display.o(i.DP_Configuration)
    i.DP_close                               0x080019d4   Section        0  display.o(i.DP_close)
    i.DebugMon_Handler                       0x08001a10   Section        0  stm32f10x_it.o(i.DebugMon_Handler)
    i.DelayInit                              0x08001a14   Section        0  delay.o(i.DelayInit)
    i.DelayMs                                0x08001a58   Section        0  delay.o(i.DelayMs)
    i.EXTI0_IRQHandler                       0x08001aa4   Section        0  exti.o(i.EXTI0_IRQHandler)
    i.EXTI15_10_IRQHandler                   0x08001aba   Section        0  exti.o(i.EXTI15_10_IRQHandler)
    i.EXTIX_DISABLE                          0x08001ac6   Section        0  exti.o(i.EXTIX_DISABLE)
    i.EXTIX_ENABLE                           0x08001af2   Section        0  exti.o(i.EXTIX_ENABLE)
    i.EXTI_ClearITPendingBit                 0x08001b20   Section        0  stm32f10x_exti.o(i.EXTI_ClearITPendingBit)
    i.EXTI_Configuration                     0x08001b2c   Section        0  exti.o(i.EXTI_Configuration)
    i.EXTI_GetITStatus                       0x08001c2c   Section        0  stm32f10x_exti.o(i.EXTI_GetITStatus)
    i.EXTI_Init                              0x08001c54   Section        0  stm32f10x_exti.o(i.EXTI_Init)
    i.GPIO_EXTILineConfig                    0x08001ce8   Section        0  stm32f10x_gpio.o(i.GPIO_EXTILineConfig)
    i.GPIO_Init                              0x08001d28   Section        0  stm32f10x_gpio.o(i.GPIO_Init)
    i.GPIO_ReadInputDataBit                  0x08001e3e   Section        0  stm32f10x_gpio.o(i.GPIO_ReadInputDataBit)
    i.GPIO_ResetBits                         0x08001e50   Section        0  stm32f10x_gpio.o(i.GPIO_ResetBits)
    i.GPIO_SetBits                           0x08001e54   Section        0  stm32f10x_gpio.o(i.GPIO_SetBits)
    i.HardFault_Handler                      0x08001e58   Section        0  stm32f10x_it.o(i.HardFault_Handler)
    i.I2C_CheckEvent                         0x08001e5c   Section        0  stm32f10x_i2c.o(i.I2C_CheckEvent)
    i.I2C_Cmd                                0x08001e86   Section        0  stm32f10x_i2c.o(i.I2C_Cmd)
    i.I2C_Configuration                      0x08001ea0   Section        0  oled_i2c.o(i.I2C_Configuration)
    i.I2C_DeInit                             0x08001f1c   Section        0  stm32f10x_i2c.o(i.I2C_DeInit)
    i.I2C_GenerateSTART                      0x08001f54   Section        0  stm32f10x_i2c.o(i.I2C_GenerateSTART)
    i.I2C_GenerateSTOP                       0x08001f6c   Section        0  stm32f10x_i2c.o(i.I2C_GenerateSTOP)
    i.I2C_GetFlagStatus                      0x08001f84   Section        0  stm32f10x_i2c.o(i.I2C_GetFlagStatus)
    i.I2C_Init                               0x08001fc0   Section        0  stm32f10x_i2c.o(i.I2C_Init)
    i.I2C_Send7bitAddress                    0x080020ac   Section        0  stm32f10x_i2c.o(i.I2C_Send7bitAddress)
    i.I2C_SendData                           0x080020be   Section        0  stm32f10x_i2c.o(i.I2C_SendData)
    i.I2C_WriteByte                          0x080020c4   Section        0  oled_i2c.o(i.I2C_WriteByte)
    i.IWDG_Enable                            0x08002150   Section        0  stm32f10x_iwdg.o(i.IWDG_Enable)
    i.IWDG_ReloadCounter                     0x08002160   Section        0  stm32f10x_iwdg.o(i.IWDG_ReloadCounter)
    i.IWDG_SetPrescaler                      0x08002170   Section        0  stm32f10x_iwdg.o(i.IWDG_SetPrescaler)
    i.IWDG_SetReload                         0x0800217c   Section        0  stm32f10x_iwdg.o(i.IWDG_SetReload)
    i.IWDG_WriteAccessCmd                    0x08002188   Section        0  stm32f10x_iwdg.o(i.IWDG_WriteAccessCmd)
    i.KEY_Configuration                      0x08002194   Section        0  key.o(i.KEY_Configuration)
    i.MemManage_Handler                      0x080021f4   Section        0  stm32f10x_it.o(i.MemManage_Handler)
    i.NMI_Handler                            0x080021f8   Section        0  stm32f10x_it.o(i.NMI_Handler)
    i.NVIC_Init                              0x080021fc   Section        0  misc.o(i.NVIC_Init)
    i.NVIC_PriorityGroupConfig               0x0800226c   Section        0  misc.o(i.NVIC_PriorityGroupConfig)
    i.OLED_CLS                               0x08002280   Section        0  oled_i2c.o(i.OLED_CLS)
    i.OLED_Fill                              0x0800228a   Section        0  oled_i2c.o(i.OLED_Fill)
    i.OLED_Init                              0x080022c4   Section        0  oled_i2c.o(i.OLED_Init)
    i.OLED_SetPos                            0x08002376   Section        0  oled_i2c.o(i.OLED_SetPos)
    i.OLED_ShowStr                           0x080023a0   Section        0  oled_i2c.o(i.OLED_ShowStr)
    i.PendSV_Handler                         0x0800248c   Section        0  stm32f10x_it.o(i.PendSV_Handler)
    i.RCC_APB1PeriphClockCmd                 0x08002490   Section        0  stm32f10x_rcc.o(i.RCC_APB1PeriphClockCmd)
    i.RCC_APB1PeriphResetCmd                 0x080024b0   Section        0  stm32f10x_rcc.o(i.RCC_APB1PeriphResetCmd)
    i.RCC_APB2PeriphClockCmd                 0x080024d0   Section        0  stm32f10x_rcc.o(i.RCC_APB2PeriphClockCmd)
    i.RCC_GetClocksFreq                      0x080024f0   Section        0  stm32f10x_rcc.o(i.RCC_GetClocksFreq)
    i.SCP_Configuration                      0x080025c4   Section        0  scp.o(i.SCP_Configuration)
    i.SCP_run                                0x08002610   Section        0  scp.o(i.SCP_run)
    i.SVC_Handler                            0x080026c4   Section        0  stm32f10x_it.o(i.SVC_Handler)
    i.SetSysClock                            0x080026c6   Section        0  system_stm32f10x.o(i.SetSysClock)
    SetSysClock                              0x080026c7   Thumb Code     8  system_stm32f10x.o(i.SetSysClock)
    i.SetSysClockTo72                        0x080026d0   Section        0  system_stm32f10x.o(i.SetSysClockTo72)
    SetSysClockTo72                          0x080026d1   Thumb Code   214  system_stm32f10x.o(i.SetSysClockTo72)
    i.SysTick_CLKSourceConfig                0x080027b0   Section        0  misc.o(i.SysTick_CLKSourceConfig)
    i.SysTick_Handler                        0x080027d8   Section        0  stm32f10x_it.o(i.SysTick_Handler)
    i.SystemInit                             0x080027dc   Section        0  system_stm32f10x.o(i.SystemInit)
    i.TIM2_IRQHandler                        0x0800283c   Section        0  tim.o(i.TIM2_IRQHandler)
    i.TIM2_Int_Init                          0x08002930   Section        0  tim.o(i.TIM2_Int_Init)
    i.TIM3_IRQHandler                        0x08002990   Section        0  tim.o(i.TIM3_IRQHandler)
    i.TIM3_Int_Init                          0x080029f8   Section        0  tim.o(i.TIM3_Int_Init)
    i.TIM4_IRQHandler                        0x08002a64   Section        0  tim.o(i.TIM4_IRQHandler)
    i.TIM4_Int_Init                          0x08002a84   Section        0  tim.o(i.TIM4_Int_Init)
    i.TIM4_TInt_Init                         0x08002ac4   Section        0  tim.o(i.TIM4_TInt_Init)
    i.TIMX_Configuration                     0x08002b14   Section        0  tim.o(i.TIMX_Configuration)
    i.TIM_ClearITPendingBit                  0x08002b24   Section        0  stm32f10x_tim.o(i.TIM_ClearITPendingBit)
    i.TIM_Cmd                                0x08002b2a   Section        0  stm32f10x_tim.o(i.TIM_Cmd)
    i.TIM_GetCounter                         0x08002b42   Section        0  stm32f10x_tim.o(i.TIM_GetCounter)
    i.TIM_GetITStatus                        0x08002b48   Section        0  stm32f10x_tim.o(i.TIM_GetITStatus)
    i.TIM_ITConfig                           0x08002b6a   Section        0  stm32f10x_tim.o(i.TIM_ITConfig)
    i.TIM_SetAutoreload                      0x08002b7c   Section        0  stm32f10x_tim.o(i.TIM_SetAutoreload)
    i.TIM_SetCounter                         0x08002b80   Section        0  stm32f10x_tim.o(i.TIM_SetCounter)
    i.TIM_TimeBaseInit                       0x08002b84   Section        0  stm32f10x_tim.o(i.TIM_TimeBaseInit)
    i.UsageFault_Handler                     0x08002c28   Section        0  stm32f10x_it.o(i.UsageFault_Handler)
    i.WWDG_Configuration                     0x08002c2c   Section        0  iwdg.o(i.WWDG_Configuration)
    i.WriteCmd                               0x08002c54   Section        0  oled_i2c.o(i.WriteCmd)
    i.WriteDat                               0x08002c62   Section        0  oled_i2c.o(i.WriteDat)
    i.__ARM_fpclassify                       0x08002c70   Section        0  fpclassify.o(i.__ARM_fpclassify)
    i._is_digit                              0x08002c98   Section        0  __printf_wp.o(i._is_digit)
    i.curr_temper                            0x08002ca8   Section        0  display.o(i.curr_temper)
    i.dp0_show                               0x08002d7c   Section        0  display.o(i.dp0_show)
    i.dp_key                                 0x08002eb0   Section        0  display.o(i.dp_key)
    i.dp_open                                0x0800317c   Section        0  display.o(i.dp_open)
    i.dp_setj_counter                        0x0800319c   Section        0  display.o(i.dp_setj_counter)
    i.main                                   0x0800320c   Section        0  main.o(i.main)
    i.minus_count_tempers                    0x08003250   Section        0  dht22.o(i.minus_count_tempers)
    i.minus_tempers                          0x080032cc   Section        0  dht22.o(i.minus_tempers)
    i.plus_count_tempers                     0x0800331c   Section        0  dht22.o(i.plus_count_tempers)
    i.plus_tempers                           0x08003398   Section        0  dht22.o(i.plus_tempers)
    i.reset_tempers                          0x080033e8   Section        0  dht22.o(i.reset_tempers)
    i.set_temper0                            0x08003400   Section        0  display.o(i.set_temper0)
    i.set_temper1                            0x0800342c   Section        0  display.o(i.set_temper1)
    i.set_tempers                            0x080034dc   Section        0  dht22.o(i.set_tempers)
    i.settemper0                             0x0800351c   Section        0  display.o(i.settemper0)
    i.settemper1                             0x0800358c   Section        0  display.o(i.settemper1)
    i.sys_info                               0x08003590   Section        0  display.o(i.sys_info)
    locale$$code                             0x080036ac   Section       44  lc_numeric_c.o(locale$$code)
    x$fpl$dretinf                            0x080036d8   Section       12  dretinf.o(x$fpl$dretinf)
    x$fpl$f2d                                0x080036e4   Section       86  f2d.o(x$fpl$f2d)
    x$fpl$fadd                               0x0800373c   Section      196  faddsub_clz.o(x$fpl$fadd)
    _fadd1                                   0x0800374b   Thumb Code     0  faddsub_clz.o(x$fpl$fadd)
    x$fpl$fcmpinf                            0x08003800   Section       24  fcmpi.o(x$fpl$fcmpinf)
    x$fpl$fdiv                               0x08003818   Section      388  fdiv.o(x$fpl$fdiv)
    _fdiv1                                   0x08003819   Thumb Code     0  fdiv.o(x$fpl$fdiv)
    x$fpl$feqf                               0x0800399c   Section      104  feqf.o(x$fpl$feqf)
    x$fpl$ffixu                              0x08003a04   Section       62  ffixu.o(x$fpl$ffixu)
    x$fpl$fflt                               0x08003a44   Section       48  fflt_clz.o(x$fpl$fflt)
    x$fpl$ffltu                              0x08003a74   Section       38  fflt_clz.o(x$fpl$ffltu)
    x$fpl$fleqf                              0x08003a9c   Section      104  fleqf.o(x$fpl$fleqf)
    x$fpl$fnaninf                            0x08003b04   Section      140  fnaninf.o(x$fpl$fnaninf)
    x$fpl$fretinf                            0x08003b90   Section       10  fretinf.o(x$fpl$fretinf)
    x$fpl$frleqf                             0x08003b9a   Section       98  frleqf.o(x$fpl$frleqf)
    x$fpl$frsb                               0x08003bfc   Section       20  faddsub_clz.o(x$fpl$frsb)
    x$fpl$fsub                               0x08003c10   Section      234  faddsub_clz.o(x$fpl$fsub)
    _fsub1                                   0x08003c1f   Thumb Code     0  faddsub_clz.o(x$fpl$fsub)
    x$fpl$printf1                            0x08003cfa   Section        4  printf1.o(x$fpl$printf1)
    .constdata                               0x08003cfe   Section     2072  oled_i2c.o(.constdata)
    x$fpl$usenofp                            0x08003cfe   Section        0  usenofp.o(x$fpl$usenofp)
    .constdata                               0x08004516   Section       17  __printf_flags_wp.o(.constdata)
    maptable                                 0x08004516   Data          17  __printf_flags_wp.o(.constdata)
    .constdata                               0x08004528   Section      148  bigflt0.o(.constdata)
    tenpwrs_x                                0x08004528   Data          60  bigflt0.o(.constdata)
    tenpwrs_i                                0x08004564   Data          64  bigflt0.o(.constdata)
    locale$$data                             0x080045dc   Section       28  lc_numeric_c.o(locale$$data)
    __lcnum_c_name                           0x080045e0   Data           2  lc_numeric_c.o(locale$$data)
    __lcnum_c_start                          0x080045e8   Data           0  lc_numeric_c.o(locale$$data)
    __lcnum_c_point                          0x080045f4   Data           0  lc_numeric_c.o(locale$$data)
    __lcnum_c_thousands                      0x080045f6   Data           0  lc_numeric_c.o(locale$$data)
    __lcnum_c_grouping                       0x080045f7   Data           0  lc_numeric_c.o(locale$$data)
    __lcnum_c_end                            0x080045f8   Data           0  lc_numeric_c.o(locale$$data)
    .data                                    0x20000000   Section       20  system_stm32f10x.o(.data)
    .data                                    0x20000014   Section       20  stm32f10x_rcc.o(.data)
    APBAHBPrescTable                         0x20000014   Data          16  stm32f10x_rcc.o(.data)
    ADCPrescTable                            0x20000024   Data           4  stm32f10x_rcc.o(.data)
    .data                                    0x20000028   Section        4  delay.o(.data)
    fac_us                                   0x20000028   Data           1  delay.o(.data)
    fac_ms                                   0x2000002a   Data           2  delay.o(.data)
    .data                                    0x2000002c   Section        4  tim.o(.data)
    .data                                    0x20000030   Section       72  dht22.o(.data)
    .data                                    0x20000078   Section        6  key.o(.data)
    .data                                    0x2000007e   Section        9  scp.o(.data)
    .data                                    0x20000088   Section       51  display.o(.data)
    .bss                                     0x200000bc   Section       96  libspace.o(.bss)
    HEAP                                     0x20000120   Section      512  startup_stm32f10x_hd.o(HEAP)
    Heap_Mem                                 0x20000120   Data         512  startup_stm32f10x_hd.o(HEAP)
    STACK                                    0x20000320   Section     1024  startup_stm32f10x_hd.o(STACK)
    Stack_Mem                                0x20000320   Data        1024  startup_stm32f10x_hd.o(STACK)
    __initial_sp                             0x20000720   Data           0  startup_stm32f10x_hd.o(STACK)

    Global Symbols

    Symbol Name                              Value     Ov Type        Size  Object(Section)

    BuildAttributes$$THM_ISAv4$P$D$K$B$S$PE$A:L22UL41UL21$X:L11$S22US41US21$IEEE1$IW$USESV6$~STKCKD$USESV7$~SHL$OTIME$ROPI$IEEEJ$EBA8$UX$STANDARDLIB$REQ8$PRES8$EABIv2 0x00000000   Number         0  anon$$obj.o ABSOLUTE
    __ARM_use_no_argv                        0x00000000   Number         0  main.o ABSOLUTE
    _printf_flags                            0x00000000   Number         0  printf_stubs.o ABSOLUTE
    _printf_return_value                     0x00000000   Number         0  printf_stubs.o ABSOLUTE
    _printf_sizespec                         0x00000000   Number         0  printf_stubs.o ABSOLUTE
    _printf_widthprec                        0x00000000   Number         0  printf_stubs.o ABSOLUTE
    __ARM_exceptions_init                     - Undefined Weak Reference
    __alloca_initialize                       - Undefined Weak Reference
    __arm_fini_                               - Undefined Weak Reference
    __arm_preinit_                            - Undefined Weak Reference
    __cpp_initialize__aeabi_                  - Undefined Weak Reference
    __cxa_finalize                            - Undefined Weak Reference
    __sigvec_lookup                           - Undefined Weak Reference
    _atexit_init                              - Undefined Weak Reference
    _call_atexit_fns                          - Undefined Weak Reference
    _clock_init                               - Undefined Weak Reference
    _fp_trap_init                             - Undefined Weak Reference
    _fp_trap_shutdown                         - Undefined Weak Reference
    _get_lc_collate                           - Undefined Weak Reference
    _get_lc_ctype                             - Undefined Weak Reference
    _get_lc_monetary                          - Undefined Weak Reference
    _get_lc_time                              - Undefined Weak Reference
    _getenv_init                              - Undefined Weak Reference
    _handle_redirection                       - Undefined Weak Reference
    _init_alloc                               - Undefined Weak Reference
    _init_user_alloc                          - Undefined Weak Reference
    _initio                                   - Undefined Weak Reference
    _rand_init                                - Undefined Weak Reference
    _signal_finish                            - Undefined Weak Reference
    _signal_init                              - Undefined Weak Reference
    _terminate_alloc                          - Undefined Weak Reference
    _terminate_user_alloc                     - Undefined Weak Reference
    _terminateio                              - Undefined Weak Reference
    __Vectors_Size                           0x00000130   Number         0  startup_stm32f10x_hd.o ABSOLUTE
    __Vectors                                0x08000000   Data           4  startup_stm32f10x_hd.o(RESET)
    __Vectors_End                            0x08000130   Data           0  startup_stm32f10x_hd.o(RESET)
    __main                                   0x08000131   Thumb Code     8  __main.o(!!!main)
    __scatterload                            0x08000139   Thumb Code     0  __scatter.o(!!!scatter)
    __scatterload_rt2                        0x08000139   Thumb Code    44  __scatter.o(!!!scatter)
    __scatterload_rt2_thumb_only             0x08000139   Thumb Code     0  __scatter.o(!!!scatter)
    __scatterload_null                       0x08000147   Thumb Code     0  __scatter.o(!!!scatter)
    __scatterload_copy                       0x0800016d   Thumb Code    26  __scatter_copy.o(!!handler_copy)
    __scatterload_zeroinit                   0x08000189   Thumb Code    28  __scatter_zi.o(!!handler_zi)
    _printf_f                                0x080001a5   Thumb Code     0  _printf_f.o(.ARM.Collect$$_printf_percent$$00000003)
    _printf_percent                          0x080001a5   Thumb Code     0  _printf_percent.o(.ARM.Collect$$_printf_percent$$00000000)
    _printf_percent_end                      0x080001ab   Thumb Code     0  _printf_percent_end.o(.ARM.Collect$$_printf_percent$$00000017)
    __rt_lib_init                            0x080001af   Thumb Code     0  libinit.o(.ARM.Collect$$libinit$$00000000)
    __rt_lib_init_fp_1                       0x080001b1   Thumb Code     0  libinit2.o(.ARM.Collect$$libinit$$00000002)
    __rt_lib_init_heap_1                     0x080001b1   Thumb Code     0  libinit2.o(.ARM.Collect$$libinit$$0000000A)
    __rt_lib_init_lc_common                  0x080001b1   Thumb Code     0  libinit2.o(.ARM.Collect$$libinit$$0000000F)
    __rt_lib_init_preinit_1                  0x080001b1   Thumb Code     0  libinit2.o(.ARM.Collect$$libinit$$00000004)
    __rt_lib_init_rand_1                     0x080001b1   Thumb Code     0  libinit2.o(.ARM.Collect$$libinit$$0000000E)
    __rt_lib_init_user_alloc_1               0x080001b1   Thumb Code     0  libinit2.o(.ARM.Collect$$libinit$$0000000C)
    __rt_lib_init_lc_collate_1               0x080001b7   Thumb Code     0  libinit2.o(.ARM.Collect$$libinit$$00000011)
    __rt_lib_init_lc_ctype_1                 0x080001b7   Thumb Code     0  libinit2.o(.ARM.Collect$$libinit$$00000013)
    __rt_lib_init_lc_monetary_1              0x080001b7   Thumb Code     0  libinit2.o(.ARM.Collect$$libinit$$00000015)
    __rt_lib_init_lc_numeric_2               0x080001b7   Thumb Code     0  libinit2.o(.ARM.Collect$$libinit$$00000016)
    __rt_lib_init_alloca_1                   0x080001c1   Thumb Code     0  libinit2.o(.ARM.Collect$$libinit$$0000002E)
    __rt_lib_init_argv_1                     0x080001c1   Thumb Code     0  libinit2.o(.ARM.Collect$$libinit$$0000002C)
    __rt_lib_init_atexit_1                   0x080001c1   Thumb Code     0  libinit2.o(.ARM.Collect$$libinit$$0000001B)
    __rt_lib_init_clock_1                    0x080001c1   Thumb Code     0  libinit2.o(.ARM.Collect$$libinit$$00000021)
    __rt_lib_init_cpp_1                      0x080001c1   Thumb Code     0  libinit2.o(.ARM.Collect$$libinit$$00000032)
    __rt_lib_init_exceptions_1               0x080001c1   Thumb Code     0  libinit2.o(.ARM.Collect$$libinit$$00000030)
    __rt_lib_init_fp_trap_1                  0x080001c1   Thumb Code     0  libinit2.o(.ARM.Collect$$libinit$$0000001F)
    __rt_lib_init_getenv_1                   0x080001c1   Thumb Code     0  libinit2.o(.ARM.Collect$$libinit$$00000023)
    __rt_lib_init_lc_numeric_1               0x080001c1   Thumb Code     0  libinit2.o(.ARM.Collect$$libinit$$00000017)
    __rt_lib_init_lc_time_1                  0x080001c1   Thumb Code     0  libinit2.o(.ARM.Collect$$libinit$$00000019)
    __rt_lib_init_return                     0x080001c1   Thumb Code     0  libinit2.o(.ARM.Collect$$libinit$$00000033)
    __rt_lib_init_signal_1                   0x080001c1   Thumb Code     0  libinit2.o(.ARM.Collect$$libinit$$0000001D)
    __rt_lib_init_stdio_1                    0x080001c1   Thumb Code     0  libinit2.o(.ARM.Collect$$libinit$$00000025)
    __rt_lib_shutdown                        0x080001c3   Thumb Code     0  libshutdown.o(.ARM.Collect$$libshutdown$$00000000)
    __rt_lib_shutdown_cpp_1                  0x080001c5   Thumb Code     0  libshutdown2.o(.ARM.Collect$$libshutdown$$00000004)
    __rt_lib_shutdown_fini_1                 0x080001c5   Thumb Code     0  libshutdown2.o(.ARM.Collect$$libshutdown$$00000002)
    __rt_lib_shutdown_fp_trap_1              0x080001c5   Thumb Code     0  libshutdown2.o(.ARM.Collect$$libshutdown$$00000009)
    __rt_lib_shutdown_heap_1                 0x080001c5   Thumb Code     0  libshutdown2.o(.ARM.Collect$$libshutdown$$00000011)
    __rt_lib_shutdown_return                 0x080001c5   Thumb Code     0  libshutdown2.o(.ARM.Collect$$libshutdown$$00000012)
    __rt_lib_shutdown_signal_1               0x080001c5   Thumb Code     0  libshutdown2.o(.ARM.Collect$$libshutdown$$0000000C)
    __rt_lib_shutdown_stdio_1                0x080001c5   Thumb Code     0  libshutdown2.o(.ARM.Collect$$libshutdown$$00000006)
    __rt_lib_shutdown_user_alloc_1           0x080001c5   Thumb Code     0  libshutdown2.o(.ARM.Collect$$libshutdown$$0000000E)
    __rt_entry                               0x080001c7   Thumb Code     0  __rtentry.o(.ARM.Collect$$rtentry$$00000000)
    __rt_entry_presh_1                       0x080001c7   Thumb Code     0  __rtentry2.o(.ARM.Collect$$rtentry$$00000002)
    __rt_entry_sh                            0x080001c7   Thumb Code     0  __rtentry4.o(.ARM.Collect$$rtentry$$00000004)
    __rt_entry_li                            0x080001cd   Thumb Code     0  __rtentry2.o(.ARM.Collect$$rtentry$$0000000A)
    __rt_entry_postsh_1                      0x080001cd   Thumb Code     0  __rtentry2.o(.ARM.Collect$$rtentry$$00000009)
    __rt_entry_main                          0x080001d1   Thumb Code     0  __rtentry2.o(.ARM.Collect$$rtentry$$0000000D)
    __rt_entry_postli_1                      0x080001d1   Thumb Code     0  __rtentry2.o(.ARM.Collect$$rtentry$$0000000C)
    __rt_exit                                0x080001d9   Thumb Code     0  rtexit.o(.ARM.Collect$$rtexit$$00000000)
    __rt_exit_ls                             0x080001db   Thumb Code     0  rtexit2.o(.ARM.Collect$$rtexit$$00000003)
    __rt_exit_prels_1                        0x080001db   Thumb Code     0  rtexit2.o(.ARM.Collect$$rtexit$$00000002)
    __rt_exit_exit                           0x080001df   Thumb Code     0  rtexit2.o(.ARM.Collect$$rtexit$$00000004)
    Reset_Handler                            0x080001e5   Thumb Code     8  startup_stm32f10x_hd.o(.text)
    ADC1_2_IRQHandler                        0x080001ff   Thumb Code     0  startup_stm32f10x_hd.o(.text)
    ADC3_IRQHandler                          0x080001ff   Thumb Code     0  startup_stm32f10x_hd.o(.text)
    CAN1_RX1_IRQHandler                      0x080001ff   Thumb Code     0  startup_stm32f10x_hd.o(.text)
    CAN1_SCE_IRQHandler                      0x080001ff   Thumb Code     0  startup_stm32f10x_hd.o(.text)
    DMA1_Channel1_IRQHandler                 0x080001ff   Thumb Code     0  startup_stm32f10x_hd.o(.text)
    DMA1_Channel2_IRQHandler                 0x080001ff   Thumb Code     0  startup_stm32f10x_hd.o(.text)
    DMA1_Channel3_IRQHandler                 0x080001ff   Thumb Code     0  startup_stm32f10x_hd.o(.text)
    DMA1_Channel4_IRQHandler                 0x080001ff   Thumb Code     0  startup_stm32f10x_hd.o(.text)
    DMA1_Channel5_IRQHandler                 0x080001ff   Thumb Code     0  startup_stm32f10x_hd.o(.text)
    DMA1_Channel6_IRQHandler                 0x080001ff   Thumb Code     0  startup_stm32f10x_hd.o(.text)
    DMA1_Channel7_IRQHandler                 0x080001ff   Thumb Code     0  startup_stm32f10x_hd.o(.text)
    DMA2_Channel1_IRQHandler                 0x080001ff   Thumb Code     0  startup_stm32f10x_hd.o(.text)
    DMA2_Channel2_IRQHandler                 0x080001ff   Thumb Code     0  startup_stm32f10x_hd.o(.text)
    DMA2_Channel3_IRQHandler                 0x080001ff   Thumb Code     0  startup_stm32f10x_hd.o(.text)
    DMA2_Channel4_5_IRQHandler               0x080001ff   Thumb Code     0  startup_stm32f10x_hd.o(.text)
    EXTI1_IRQHandler                         0x080001ff   Thumb Code     0  startup_stm32f10x_hd.o(.text)
    EXTI2_IRQHandler                         0x080001ff   Thumb Code     0  startup_stm32f10x_hd.o(.text)
    EXTI3_IRQHandler                         0x080001ff   Thumb Code     0  startup_stm32f10x_hd.o(.text)
    EXTI4_IRQHandler                         0x080001ff   Thumb Code     0  startup_stm32f10x_hd.o(.text)
    EXTI9_5_IRQHandler                       0x080001ff   Thumb Code     0  startup_stm32f10x_hd.o(.text)
    FLASH_IRQHandler                         0x080001ff   Thumb Code     0  startup_stm32f10x_hd.o(.text)
    FSMC_IRQHandler                          0x080001ff   Thumb Code     0  startup_stm32f10x_hd.o(.text)
    I2C1_ER_IRQHandler                       0x080001ff   Thumb Code     0  startup_stm32f10x_hd.o(.text)
    I2C1_EV_IRQHandler                       0x080001ff   Thumb Code     0  startup_stm32f10x_hd.o(.text)
    I2C2_ER_IRQHandler                       0x080001ff   Thumb Code     0  startup_stm32f10x_hd.o(.text)
    I2C2_EV_IRQHandler                       0x080001ff   Thumb Code     0  startup_stm32f10x_hd.o(.text)
    PVD_IRQHandler                           0x080001ff   Thumb Code     0  startup_stm32f10x_hd.o(.text)
    RCC_IRQHandler                           0x080001ff   Thumb Code     0  startup_stm32f10x_hd.o(.text)
    RTCAlarm_IRQHandler                      0x080001ff   Thumb Code     0  startup_stm32f10x_hd.o(.text)
    RTC_IRQHandler                           0x080001ff   Thumb Code     0  startup_stm32f10x_hd.o(.text)
    SDIO_IRQHandler                          0x080001ff   Thumb Code     0  startup_stm32f10x_hd.o(.text)
    SPI1_IRQHandler                          0x080001ff   Thumb Code     0  startup_stm32f10x_hd.o(.text)
    SPI2_IRQHandler                          0x080001ff   Thumb Code     0  startup_stm32f10x_hd.o(.text)
    SPI3_IRQHandler                          0x080001ff   Thumb Code     0  startup_stm32f10x_hd.o(.text)
    TAMPER_IRQHandler                        0x080001ff   Thumb Code     0  startup_stm32f10x_hd.o(.text)
    TIM1_BRK_IRQHandler                      0x080001ff   Thumb Code     0  startup_stm32f10x_hd.o(.text)
    TIM1_CC_IRQHandler                       0x080001ff   Thumb Code     0  startup_stm32f10x_hd.o(.text)
    TIM1_TRG_COM_IRQHandler                  0x080001ff   Thumb Code     0  startup_stm32f10x_hd.o(.text)
    TIM1_UP_IRQHandler                       0x080001ff   Thumb Code     0  startup_stm32f10x_hd.o(.text)
    TIM5_IRQHandler                          0x080001ff   Thumb Code     0  startup_stm32f10x_hd.o(.text)
    TIM6_IRQHandler                          0x080001ff   Thumb Code     0  startup_stm32f10x_hd.o(.text)
    TIM7_IRQHandler                          0x080001ff   Thumb Code     0  startup_stm32f10x_hd.o(.text)
    TIM8_BRK_IRQHandler                      0x080001ff   Thumb Code     0  startup_stm32f10x_hd.o(.text)
    TIM8_CC_IRQHandler                       0x080001ff   Thumb Code     0  startup_stm32f10x_hd.o(.text)
    TIM8_TRG_COM_IRQHandler                  0x080001ff   Thumb Code     0  startup_stm32f10x_hd.o(.text)
    TIM8_UP_IRQHandler                       0x080001ff   Thumb Code     0  startup_stm32f10x_hd.o(.text)
    UART4_IRQHandler                         0x080001ff   Thumb Code     0  startup_stm32f10x_hd.o(.text)
    UART5_IRQHandler                         0x080001ff   Thumb Code     0  startup_stm32f10x_hd.o(.text)
    USART1_IRQHandler                        0x080001ff   Thumb Code     0  startup_stm32f10x_hd.o(.text)
    USART2_IRQHandler                        0x080001ff   Thumb Code     0  startup_stm32f10x_hd.o(.text)
    USART3_IRQHandler                        0x080001ff   Thumb Code     0  startup_stm32f10x_hd.o(.text)
    USBWakeUp_IRQHandler                     0x080001ff   Thumb Code     0  startup_stm32f10x_hd.o(.text)
    USB_HP_CAN1_TX_IRQHandler                0x080001ff   Thumb Code     0  startup_stm32f10x_hd.o(.text)
    USB_LP_CAN1_RX0_IRQHandler               0x080001ff   Thumb Code     0  startup_stm32f10x_hd.o(.text)
    WWDG_IRQHandler                          0x080001ff   Thumb Code     0  startup_stm32f10x_hd.o(.text)
    __user_initial_stackheap                 0x08000201   Thumb Code     0  startup_stm32f10x_hd.o(.text)
    __2sprintf                               0x08000225   Thumb Code    34  noretval__2sprintf.o(.text)
    _printf_pre_padding                      0x0800024d   Thumb Code    44  _printf_pad.o(.text)
    _printf_post_padding                     0x08000279   Thumb Code    34  _printf_pad.o(.text)
    __printf                                 0x0800029d   Thumb Code   308  __printf_flags_wp.o(.text)
    __use_two_region_memory                  0x080003d5   Thumb Code     2  heapauxi.o(.text)
    __rt_heap_escrow$2region                 0x080003d7   Thumb Code     2  heapauxi.o(.text)
    __rt_heap_expand$2region                 0x080003d9   Thumb Code     2  heapauxi.o(.text)
    __lib_sel_fp_printf                      0x080003db   Thumb Code     2  _printf_fp_dec.o(.text)
    _printf_fp_dec_real                      0x0800058d   Thumb Code   620  _printf_fp_dec.o(.text)
    _printf_char_common                      0x08000803   Thumb Code    32  _printf_char_common.o(.text)
    _sputc                                   0x08000829   Thumb Code    10  _sputc.o(.text)
    __rt_locale                              0x08000835   Thumb Code     8  rt_locale_intlibspace.o(.text)
    _ll_udiv10                               0x0800083d   Thumb Code   138  lludiv10.o(.text)
    _printf_fp_infnan                        0x080008c9   Thumb Code   112  _printf_fp_infnan.o(.text)
    _btod_etento                             0x08000949   Thumb Code   224  bigflt0.o(.text)
    __user_libspace                          0x08000a2d   Thumb Code     8  libspace.o(.text)
    __user_perproc_libspace                  0x08000a2d   Thumb Code     0  libspace.o(.text)
    __user_perthread_libspace                0x08000a2d   Thumb Code     0  libspace.o(.text)
    __user_setup_stackheap                   0x08000a35   Thumb Code    74  sys_stackheap_outer.o(.text)
    exit                                     0x08000a7f   Thumb Code    18  exit.o(.text)
    strcmp                                   0x08000a91   Thumb Code   128  strcmpv7m.o(.text)
    _sys_exit                                0x08000b11   Thumb Code     8  sys_exit.o(.text)
    __I$use$semihosting                      0x08000b1d   Thumb Code     0  use_no_semi.o(.text)
    __use_no_semihosting_swi                 0x08000b1d   Thumb Code     2  use_no_semi.o(.text)
    __semihosting_library_function           0x08000b1f   Thumb Code     0  indicate_semi.o(.text)
    _btod_d2e                                0x08000b1f   Thumb Code    62  btod.o(CL$$btod_d2e)
    _d2e_denorm_low                          0x08000b5d   Thumb Code    70  btod.o(CL$$btod_d2e_denorm_low)
    _d2e_norm_op1                            0x08000ba3   Thumb Code    96  btod.o(CL$$btod_d2e_norm_op1)
    __btod_div_common                        0x08000c03   Thumb Code   696  btod.o(CL$$btod_div_common)
    _e2e                                     0x08000f3b   Thumb Code   220  btod.o(CL$$btod_e2e)
    _btod_ediv                               0x08001017   Thumb Code    42  btod.o(CL$$btod_ediv)
    _btod_emul                               0x08001041   Thumb Code    42  btod.o(CL$$btod_emul)
    __btod_mult_common                       0x0800106b   Thumb Code   580  btod.o(CL$$btod_mult_common)
    BusFault_Handler                         0x080012af   Thumb Code     4  stm32f10x_it.o(i.BusFault_Handler)
    ClearOLEDLine                            0x080012b3   Thumb Code   156  oled_i2c.o(i.ClearOLEDLine)
    DHT22_0_Int_Init                         0x08001351   Thumb Code    16  dht22.o(i.DHT22_0_Int_Init)
    DHT22_Configuration                      0x08001365   Thumb Code    96  dht22.o(i.DHT22_Configuration)
    DHT22_IPU                                0x08001409   Thumb Code    30  dht22.o(i.DHT22_IPU)
    DHT22_PP                                 0x0800142d   Thumb Code    30  dht22.o(i.DHT22_PP)
    DHT22_checksum                           0x08001451   Thumb Code   280  dht22.o(i.DHT22_checksum)
    DHT22_get                                0x080015a5   Thumb Code    84  dht22.o(i.DHT22_get)
    DHT22_time                               0x08001601   Thumb Code    62  dht22.o(i.DHT22_time)
    DHT22_ts                                 0x0800164d   Thumb Code    92  dht22.o(i.DHT22_ts)
    DHT22_ts_bit                             0x080016b5   Thumb Code   358  dht22.o(i.DHT22_ts_bit)
    DHT22_tst_err                            0x08001845   Thumb Code    80  dht22.o(i.DHT22_tst_err)
    DHT22_tst_stop                           0x080018a9   Thumb Code   158  dht22.o(i.DHT22_tst_stop)
    DP_Configuration                         0x0800195d   Thumb Code    64  display.o(i.DP_Configuration)
    DP_close                                 0x080019d5   Thumb Code    46  display.o(i.DP_close)
    DebugMon_Handler                         0x08001a11   Thumb Code     2  stm32f10x_it.o(i.DebugMon_Handler)
    DelayInit                                0x08001a15   Thumb Code    50  delay.o(i.DelayInit)
    DelayMs                                  0x08001a59   Thumb Code    72  delay.o(i.DelayMs)
    EXTI0_IRQHandler                         0x08001aa5   Thumb Code    22  exti.o(i.EXTI0_IRQHandler)
    EXTI15_10_IRQHandler                     0x08001abb   Thumb Code    12  exti.o(i.EXTI15_10_IRQHandler)
    EXTIX_DISABLE                            0x08001ac7   Thumb Code    44  exti.o(i.EXTIX_DISABLE)
    EXTIX_ENABLE                             0x08001af3   Thumb Code    44  exti.o(i.EXTIX_ENABLE)
    EXTI_ClearITPendingBit                   0x08001b21   Thumb Code     6  stm32f10x_exti.o(i.EXTI_ClearITPendingBit)
    EXTI_Configuration                       0x08001b2d   Thumb Code   256  exti.o(i.EXTI_Configuration)
    EXTI_GetITStatus                         0x08001c2d   Thumb Code    34  stm32f10x_exti.o(i.EXTI_GetITStatus)
    EXTI_Init                                0x08001c55   Thumb Code   142  stm32f10x_exti.o(i.EXTI_Init)
    GPIO_EXTILineConfig                      0x08001ce9   Thumb Code    60  stm32f10x_gpio.o(i.GPIO_EXTILineConfig)
    GPIO_Init                                0x08001d29   Thumb Code   278  stm32f10x_gpio.o(i.GPIO_Init)
    GPIO_ReadInputDataBit                    0x08001e3f   Thumb Code    18  stm32f10x_gpio.o(i.GPIO_ReadInputDataBit)
    GPIO_ResetBits                           0x08001e51   Thumb Code     4  stm32f10x_gpio.o(i.GPIO_ResetBits)
    GPIO_SetBits                             0x08001e55   Thumb Code     4  stm32f10x_gpio.o(i.GPIO_SetBits)
    HardFault_Handler                        0x08001e59   Thumb Code     4  stm32f10x_it.o(i.HardFault_Handler)
    I2C_CheckEvent                           0x08001e5d   Thumb Code    42  stm32f10x_i2c.o(i.I2C_CheckEvent)
    I2C_Cmd                                  0x08001e87   Thumb Code    24  stm32f10x_i2c.o(i.I2C_Cmd)
    I2C_Configuration                        0x08001ea1   Thumb Code   110  oled_i2c.o(i.I2C_Configuration)
    I2C_DeInit                               0x08001f1d   Thumb Code    50  stm32f10x_i2c.o(i.I2C_DeInit)
    I2C_GenerateSTART                        0x08001f55   Thumb Code    24  stm32f10x_i2c.o(i.I2C_GenerateSTART)
    I2C_GenerateSTOP                         0x08001f6d   Thumb Code    24  stm32f10x_i2c.o(i.I2C_GenerateSTOP)
    I2C_GetFlagStatus                        0x08001f85   Thumb Code    58  stm32f10x_i2c.o(i.I2C_GetFlagStatus)
    I2C_Init                                 0x08001fc1   Thumb Code   222  stm32f10x_i2c.o(i.I2C_Init)
    I2C_Send7bitAddress                      0x080020ad   Thumb Code    18  stm32f10x_i2c.o(i.I2C_Send7bitAddress)
    I2C_SendData                             0x080020bf   Thumb Code     4  stm32f10x_i2c.o(i.I2C_SendData)
    I2C_WriteByte                            0x080020c5   Thumb Code   126  oled_i2c.o(i.I2C_WriteByte)
    IWDG_Enable                              0x08002151   Thumb Code    10  stm32f10x_iwdg.o(i.IWDG_Enable)
    IWDG_ReloadCounter                       0x08002161   Thumb Code    10  stm32f10x_iwdg.o(i.IWDG_ReloadCounter)
    IWDG_SetPrescaler                        0x08002171   Thumb Code     6  stm32f10x_iwdg.o(i.IWDG_SetPrescaler)
    IWDG_SetReload                           0x0800217d   Thumb Code     6  stm32f10x_iwdg.o(i.IWDG_SetReload)
    IWDG_WriteAccessCmd                      0x08002189   Thumb Code     6  stm32f10x_iwdg.o(i.IWDG_WriteAccessCmd)
    KEY_Configuration                        0x08002195   Thumb Code    66  key.o(i.KEY_Configuration)
    MemManage_Handler                        0x080021f5   Thumb Code     4  stm32f10x_it.o(i.MemManage_Handler)
    NMI_Handler                              0x080021f9   Thumb Code     2  stm32f10x_it.o(i.NMI_Handler)
    NVIC_Init                                0x080021fd   Thumb Code   100  misc.o(i.NVIC_Init)
    NVIC_PriorityGroupConfig                 0x0800226d   Thumb Code    10  misc.o(i.NVIC_PriorityGroupConfig)
    OLED_CLS                                 0x08002281   Thumb Code    10  oled_i2c.o(i.OLED_CLS)
    OLED_Fill                                0x0800228b   Thumb Code    58  oled_i2c.o(i.OLED_Fill)
    OLED_Init                                0x080022c5   Thumb Code   178  oled_i2c.o(i.OLED_Init)
    OLED_SetPos                              0x08002377   Thumb Code    40  oled_i2c.o(i.OLED_SetPos)
    OLED_ShowStr                             0x080023a1   Thumb Code   228  oled_i2c.o(i.OLED_ShowStr)
    PendSV_Handler                           0x0800248d   Thumb Code     2  stm32f10x_it.o(i.PendSV_Handler)
    RCC_APB1PeriphClockCmd                   0x08002491   Thumb Code    26  stm32f10x_rcc.o(i.RCC_APB1PeriphClockCmd)
    RCC_APB1PeriphResetCmd                   0x080024b1   Thumb Code    26  stm32f10x_rcc.o(i.RCC_APB1PeriphResetCmd)
    RCC_APB2PeriphClockCmd                   0x080024d1   Thumb Code    26  stm32f10x_rcc.o(i.RCC_APB2PeriphClockCmd)
    RCC_GetClocksFreq                        0x080024f1   Thumb Code   192  stm32f10x_rcc.o(i.RCC_GetClocksFreq)
    SCP_Configuration                        0x080025c5   Thumb Code    60  scp.o(i.SCP_Configuration)
    SCP_run                                  0x08002611   Thumb Code   144  scp.o(i.SCP_run)
    SVC_Handler                              0x080026c5   Thumb Code     2  stm32f10x_it.o(i.SVC_Handler)
    SysTick_CLKSourceConfig                  0x080027b1   Thumb Code    40  misc.o(i.SysTick_CLKSourceConfig)
    SysTick_Handler                          0x080027d9   Thumb Code     2  stm32f10x_it.o(i.SysTick_Handler)
    SystemInit                               0x080027dd   Thumb Code    78  system_stm32f10x.o(i.SystemInit)
    TIM2_IRQHandler                          0x0800283d   Thumb Code   224  tim.o(i.TIM2_IRQHandler)
    TIM2_Int_Init                            0x08002931   Thumb Code    94  tim.o(i.TIM2_Int_Init)
    TIM3_IRQHandler                          0x08002991   Thumb Code    82  tim.o(i.TIM3_IRQHandler)
    TIM3_Int_Init                            0x080029f9   Thumb Code   100  tim.o(i.TIM3_Int_Init)
    TIM4_IRQHandler                          0x08002a65   Thumb Code    26  tim.o(i.TIM4_IRQHandler)
    TIM4_Int_Init                            0x08002a85   Thumb Code    58  tim.o(i.TIM4_Int_Init)
    TIM4_TInt_Init                           0x08002ac5   Thumb Code    76  tim.o(i.TIM4_TInt_Init)
    TIMX_Configuration                       0x08002b15   Thumb Code    16  tim.o(i.TIMX_Configuration)
    TIM_ClearITPendingBit                    0x08002b25   Thumb Code     6  stm32f10x_tim.o(i.TIM_ClearITPendingBit)
    TIM_Cmd                                  0x08002b2b   Thumb Code    24  stm32f10x_tim.o(i.TIM_Cmd)
    TIM_GetCounter                           0x08002b43   Thumb Code     6  stm32f10x_tim.o(i.TIM_GetCounter)
    TIM_GetITStatus                          0x08002b49   Thumb Code    34  stm32f10x_tim.o(i.TIM_GetITStatus)
    TIM_ITConfig                             0x08002b6b   Thumb Code    18  stm32f10x_tim.o(i.TIM_ITConfig)
    TIM_SetAutoreload                        0x08002b7d   Thumb Code     4  stm32f10x_tim.o(i.TIM_SetAutoreload)
    TIM_SetCounter                           0x08002b81   Thumb Code     4  stm32f10x_tim.o(i.TIM_SetCounter)
    TIM_TimeBaseInit                         0x08002b85   Thumb Code   122  stm32f10x_tim.o(i.TIM_TimeBaseInit)
    UsageFault_Handler                       0x08002c29   Thumb Code     4  stm32f10x_it.o(i.UsageFault_Handler)
    WWDG_Configuration                       0x08002c2d   Thumb Code    40  iwdg.o(i.WWDG_Configuration)
    WriteCmd                                 0x08002c55   Thumb Code    14  oled_i2c.o(i.WriteCmd)
    WriteDat                                 0x08002c63   Thumb Code    14  oled_i2c.o(i.WriteDat)
    __ARM_fpclassify                         0x08002c71   Thumb Code    40  fpclassify.o(i.__ARM_fpclassify)
    _is_digit                                0x08002c99   Thumb Code    14  __printf_wp.o(i._is_digit)
    curr_temper                              0x08002ca9   Thumb Code   154  display.o(i.curr_temper)
    dp0_show                                 0x08002d7d   Thumb Code   240  display.o(i.dp0_show)
    dp_key                                   0x08002eb1   Thumb Code   634  display.o(i.dp_key)
    dp_open                                  0x0800317d   Thumb Code    22  display.o(i.dp_open)
    dp_setj_counter                          0x0800319d   Thumb Code    90  display.o(i.dp_setj_counter)
    main                                     0x0800320d   Thumb Code    68  main.o(i.main)
    minus_count_tempers                      0x08003251   Thumb Code   104  dht22.o(i.minus_count_tempers)
    minus_tempers                            0x080032cd   Thumb Code    62  dht22.o(i.minus_tempers)
    plus_count_tempers                       0x0800331d   Thumb Code   104  dht22.o(i.plus_count_tempers)
    plus_tempers                             0x08003399   Thumb Code    62  dht22.o(i.plus_tempers)
    reset_tempers                            0x080033e9   Thumb Code    16  dht22.o(i.reset_tempers)
    set_temper0                              0x08003401   Thumb Code    36  display.o(i.set_temper0)
    set_temper1                              0x0800342d   Thumb Code   164  display.o(i.set_temper1)
    set_tempers                              0x080034dd   Thumb Code    54  dht22.o(i.set_tempers)
    settemper0                               0x0800351d   Thumb Code    74  display.o(i.settemper0)
    settemper1                               0x0800358d   Thumb Code     2  display.o(i.settemper1)
    sys_info                                 0x08003591   Thumb Code   192  display.o(i.sys_info)
    _get_lc_numeric                          0x080036ad   Thumb Code    44  lc_numeric_c.o(locale$$code)
    __fpl_dretinf                            0x080036d9   Thumb Code    12  dretinf.o(x$fpl$dretinf)
    __aeabi_f2d                              0x080036e5   Thumb Code     0  f2d.o(x$fpl$f2d)
    _f2d                                     0x080036e5   Thumb Code    86  f2d.o(x$fpl$f2d)
    __aeabi_fadd                             0x0800373d   Thumb Code     0  faddsub_clz.o(x$fpl$fadd)
    _fadd                                    0x0800373d   Thumb Code   196  faddsub_clz.o(x$fpl$fadd)
    __fpl_fcmp_Inf                           0x08003801   Thumb Code    24  fcmpi.o(x$fpl$fcmpinf)
    __aeabi_fdiv                             0x08003819   Thumb Code     0  fdiv.o(x$fpl$fdiv)
    _fdiv                                    0x08003819   Thumb Code   384  fdiv.o(x$fpl$fdiv)
    __aeabi_cfcmpeq                          0x0800399d   Thumb Code     0  feqf.o(x$fpl$feqf)
    _fcmpeq                                  0x0800399d   Thumb Code   104  feqf.o(x$fpl$feqf)
    __aeabi_f2uiz                            0x08003a05   Thumb Code     0  ffixu.o(x$fpl$ffixu)
    _ffixu                                   0x08003a05   Thumb Code    62  ffixu.o(x$fpl$ffixu)
    __aeabi_i2f                              0x08003a45   Thumb Code     0  fflt_clz.o(x$fpl$fflt)
    _fflt                                    0x08003a45   Thumb Code    48  fflt_clz.o(x$fpl$fflt)
    __aeabi_ui2f                             0x08003a75   Thumb Code     0  fflt_clz.o(x$fpl$ffltu)
    _ffltu                                   0x08003a75   Thumb Code    38  fflt_clz.o(x$fpl$ffltu)
    __aeabi_cfcmple                          0x08003a9d   Thumb Code     0  fleqf.o(x$fpl$fleqf)
    _fcmple                                  0x08003a9d   Thumb Code   104  fleqf.o(x$fpl$fleqf)
    __fpl_fcmple_InfNaN                      0x08003aef   Thumb Code     0  fleqf.o(x$fpl$fleqf)
    __fpl_fnaninf                            0x08003b05   Thumb Code   140  fnaninf.o(x$fpl$fnaninf)
    __fpl_fretinf                            0x08003b91   Thumb Code    10  fretinf.o(x$fpl$fretinf)
    __aeabi_cfrcmple                         0x08003b9b   Thumb Code     0  frleqf.o(x$fpl$frleqf)
    _frcmple                                 0x08003b9b   Thumb Code    98  frleqf.o(x$fpl$frleqf)
    __aeabi_frsub                            0x08003bfd   Thumb Code     0  faddsub_clz.o(x$fpl$frsb)
    _frsb                                    0x08003bfd   Thumb Code    20  faddsub_clz.o(x$fpl$frsb)
    __aeabi_fsub                             0x08003c11   Thumb Code     0  faddsub_clz.o(x$fpl$fsub)
    _fsub                                    0x08003c11   Thumb Code   234  faddsub_clz.o(x$fpl$fsub)
    _printf_fp_dec                           0x08003cfb   Thumb Code     4  printf1.o(x$fpl$printf1)
    F6x8                                     0x08003cfe   Data         552  oled_i2c.o(.constdata)
    __I$use$fp                               0x08003cfe   Number         0  usenofp.o(x$fpl$usenofp)
    F8X16                                    0x08003f26   Data        1520  oled_i2c.o(.constdata)
    Region$$Table$$Base                      0x080045bc   Number         0  anon$$obj.o(Region$$Table)
    Region$$Table$$Limit                     0x080045dc   Number         0  anon$$obj.o(Region$$Table)
    SystemCoreClock                          0x20000000   Data           4  system_stm32f10x.o(.data)
    AHBPrescTable                            0x20000004   Data          16  system_stm32f10x.o(.data)
    tim3                                     0x2000002c   Data           4  tim.o(.data)
    temper                                   0x20000030   Data           8  dht22.o(.data)
    humid                                    0x20000038   Data           8  dht22.o(.data)
    settemper                                0x20000040   Data           8  dht22.o(.data)
    set_temper                               0x20000048   Data           8  dht22.o(.data)
    tempersplusj                             0x20000050   Data           1  dht22.o(.data)
    tempersminusj                            0x20000051   Data           1  dht22.o(.data)
    tempersplusi                             0x20000052   Data           1  dht22.o(.data)
    tempersminusi                            0x20000053   Data           1  dht22.o(.data)
    dhti                                     0x20000054   Data           1  dht22.o(.data)
    dhtj                                     0x20000055   Data           1  dht22.o(.data)
    dht22_tst                                0x20000056   Data           1  dht22.o(.data)
    dht22_tst_err                            0x20000057   Data           1  dht22.o(.data)
    dht22_tst_errcount                       0x20000058   Data           1  dht22.o(.data)
    dht22_ts_i                               0x20000059   Data           1  dht22.o(.data)
    dht22_time_count                         0x2000005a   Data           2  dht22.o(.data)
    temph_temper                             0x2000005c   Data           4  dht22.o(.data)
    templ_temper                             0x20000060   Data           4  dht22.o(.data)
    temph_humid                              0x20000064   Data           4  dht22.o(.data)
    templ_humid                              0x20000068   Data           4  dht22.o(.data)
    checksum                                 0x2000006c   Data           4  dht22.o(.data)
    dcnt                                     0x20000070   Data           4  dht22.o(.data)
    d0cnt                                    0x20000074   Data           4  dht22.o(.data)
    enter                                    0x20000078   Data           1  key.o(.data)
    back                                     0x20000079   Data           1  key.o(.data)
    plus                                     0x2000007a   Data           1  key.o(.data)
    minus                                    0x2000007b   Data           1  key.o(.data)
    plusi                                    0x2000007c   Data           1  key.o(.data)
    minusi                                   0x2000007d   Data           1  key.o(.data)
    scp_time_start                           0x2000007e   Data           2  scp.o(.data)
    scp_dhtj                                 0x20000080   Data           1  scp.o(.data)
    scpi                                     0x20000081   Data           1  scp.o(.data)
    scp_time_stop                            0x20000082   Data           1  scp.o(.data)
    scp_set_temper                           0x20000083   Data           2  scp.o(.data)
    scp_temper                               0x20000085   Data           2  scp.o(.data)
    dp0j                                     0x20000088   Data           1  display.o(.data)
    spr                                      0x20000089   Data           1  display.o(.data)
    dptemper                                 0x2000008c   Data           8  display.o(.data)
    dphumid                                  0x20000094   Data           8  display.o(.data)
    dpdht22_tst_err0                         0x2000009c   Data           4  display.o(.data)
    dpdht22_tst_err01                        0x200000a0   Data           4  display.o(.data)
    dpdht22_tst                              0x200000a4   Data           4  display.o(.data)
    dp0i                                     0x200000a8   Data           1  display.o(.data)
    seti                                     0x200000a9   Data           1  display.o(.data)
    setj                                     0x200000aa   Data           1  display.o(.data)
    dpi                                      0x200000ab   Data           1  display.o(.data)
    dpti                                     0x200000ac   Data           2  display.o(.data)
    dpt                                      0x200000ae   Data           1  display.o(.data)
    dpscp_time_stop                          0x200000af   Data           1  display.o(.data)
    dptj                                     0x200000b0   Data           1  display.o(.data)
    dpenter                                  0x200000b1   Data           1  display.o(.data)
    dpback                                   0x200000b2   Data           1  display.o(.data)
    dpplus                                   0x200000b3   Data           1  display.o(.data)
    dpminus                                  0x200000b4   Data           1  display.o(.data)
    keyenter                                 0x200000b5   Data           1  display.o(.data)
    keyback                                  0x200000b6   Data           1  display.o(.data)
    keyplus                                  0x200000b7   Data           1  display.o(.data)
    keyminus                                 0x200000b8   Data           1  display.o(.data)
    dpplusi                                  0x200000b9   Data           1  display.o(.data)
    dpminusi                                 0x200000ba   Data           1  display.o(.data)
    __libspace_start                         0x200000bc   Data          96  libspace.o(.bss)
    __temporary_stack_top$libspace           0x2000011c   Data           0  libspace.o(.bss)



==============================================================================

Memory Map of the image

  Image Entry point : 0x08000131

  Load Region LR_IROM1 (Base: 0x08000000, Size: 0x000046b4, Max: 0x00010000, ABSOLUTE)

    Execution Region ER_IROM1 (Exec base: 0x08000000, Load base: 0x08000000, Size: 0x000045f8, Max: 0x00010000, ABSOLUTE)

    Exec Addr    Load Addr    Size         Type   Attr      Idx    E Section Name        Object

    0x08000000   0x08000000   0x00000130   Data   RO         3122    RESET               startup_stm32f10x_hd.o
    0x08000130   0x08000130   0x00000008   Code   RO         3762  * !!!main             c_w.l(__main.o)
    0x08000138   0x08000138   0x00000034   Code   RO         4012    !!!scatter          c_w.l(__scatter.o)
    0x0800016c   0x0800016c   0x0000001a   Code   RO         4014    !!handler_copy      c_w.l(__scatter_copy.o)
    0x08000186   0x08000186   0x00000002   PAD
    0x08000188   0x08000188   0x0000001c   Code   RO         4016    !!handler_zi        c_w.l(__scatter_zi.o)
    0x080001a4   0x080001a4   0x00000000   Code   RO         3759    .ARM.Collect$$_printf_percent$$00000000  c_w.l(_printf_percent.o)
    0x080001a4   0x080001a4   0x00000006   Code   RO         3758    .ARM.Collect$$_printf_percent$$00000003  c_w.l(_printf_f.o)
    0x080001aa   0x080001aa   0x00000004   Code   RO         3799    .ARM.Collect$$_printf_percent$$00000017  c_w.l(_printf_percent_end.o)
    0x080001ae   0x080001ae   0x00000002   Code   RO         3883    .ARM.Collect$$libinit$$00000000  c_w.l(libinit.o)
    0x080001b0   0x080001b0   0x00000000   Code   RO         3885    .ARM.Collect$$libinit$$00000002  c_w.l(libinit2.o)
    0x080001b0   0x080001b0   0x00000000   Code   RO         3887    .ARM.Collect$$libinit$$00000004  c_w.l(libinit2.o)
    0x080001b0   0x080001b0   0x00000000   Code   RO         3890    .ARM.Collect$$libinit$$0000000A  c_w.l(libinit2.o)
    0x080001b0   0x080001b0   0x00000000   Code   RO         3892    .ARM.Collect$$libinit$$0000000C  c_w.l(libinit2.o)
    0x080001b0   0x080001b0   0x00000000   Code   RO         3894    .ARM.Collect$$libinit$$0000000E  c_w.l(libinit2.o)
    0x080001b0   0x080001b0   0x00000006   Code   RO         3895    .ARM.Collect$$libinit$$0000000F  c_w.l(libinit2.o)
    0x080001b6   0x080001b6   0x00000000   Code   RO         3897    .ARM.Collect$$libinit$$00000011  c_w.l(libinit2.o)
    0x080001b6   0x080001b6   0x00000000   Code   RO         3899    .ARM.Collect$$libinit$$00000013  c_w.l(libinit2.o)
    0x080001b6   0x080001b6   0x00000000   Code   RO         3901    .ARM.Collect$$libinit$$00000015  c_w.l(libinit2.o)
    0x080001b6   0x080001b6   0x0000000a   Code   RO         3902    .ARM.Collect$$libinit$$00000016  c_w.l(libinit2.o)
    0x080001c0   0x080001c0   0x00000000   Code   RO         3903    .ARM.Collect$$libinit$$00000017  c_w.l(libinit2.o)
    0x080001c0   0x080001c0   0x00000000   Code   RO         3905    .ARM.Collect$$libinit$$00000019  c_w.l(libinit2.o)
    0x080001c0   0x080001c0   0x00000000   Code   RO         3907    .ARM.Collect$$libinit$$0000001B  c_w.l(libinit2.o)
    0x080001c0   0x080001c0   0x00000000   Code   RO         3909    .ARM.Collect$$libinit$$0000001D  c_w.l(libinit2.o)
    0x080001c0   0x080001c0   0x00000000   Code   RO         3911    .ARM.Collect$$libinit$$0000001F  c_w.l(libinit2.o)
    0x080001c0   0x080001c0   0x00000000   Code   RO         3913    .ARM.Collect$$libinit$$00000021  c_w.l(libinit2.o)
    0x080001c0   0x080001c0   0x00000000   Code   RO         3915    .ARM.Collect$$libinit$$00000023  c_w.l(libinit2.o)
    0x080001c0   0x080001c0   0x00000000   Code   RO         3917    .ARM.Collect$$libinit$$00000025  c_w.l(libinit2.o)
    0x080001c0   0x080001c0   0x00000000   Code   RO         3921    .ARM.Collect$$libinit$$0000002C  c_w.l(libinit2.o)
    0x080001c0   0x080001c0   0x00000000   Code   RO         3923    .ARM.Collect$$libinit$$0000002E  c_w.l(libinit2.o)
    0x080001c0   0x080001c0   0x00000000   Code   RO         3925    .ARM.Collect$$libinit$$00000030  c_w.l(libinit2.o)
    0x080001c0   0x080001c0   0x00000000   Code   RO         3927    .ARM.Collect$$libinit$$00000032  c_w.l(libinit2.o)
    0x080001c0   0x080001c0   0x00000002   Code   RO         3928    .ARM.Collect$$libinit$$00000033  c_w.l(libinit2.o)
    0x080001c2   0x080001c2   0x00000002   Code   RO         3958    .ARM.Collect$$libshutdown$$00000000  c_w.l(libshutdown.o)
    0x080001c4   0x080001c4   0x00000000   Code   RO         3969    .ARM.Collect$$libshutdown$$00000002  c_w.l(libshutdown2.o)
    0x080001c4   0x080001c4   0x00000000   Code   RO         3971    .ARM.Collect$$libshutdown$$00000004  c_w.l(libshutdown2.o)
    0x080001c4   0x080001c4   0x00000000   Code   RO         3973    .ARM.Collect$$libshutdown$$00000006  c_w.l(libshutdown2.o)
    0x080001c4   0x080001c4   0x00000000   Code   RO         3976    .ARM.Collect$$libshutdown$$00000009  c_w.l(libshutdown2.o)
    0x080001c4   0x080001c4   0x00000000   Code   RO         3979    .ARM.Collect$$libshutdown$$0000000C  c_w.l(libshutdown2.o)
    0x080001c4   0x080001c4   0x00000000   Code   RO         3981    .ARM.Collect$$libshutdown$$0000000E  c_w.l(libshutdown2.o)
    0x080001c4   0x080001c4   0x00000000   Code   RO         3984    .ARM.Collect$$libshutdown$$00000011  c_w.l(libshutdown2.o)
    0x080001c4   0x080001c4   0x00000002   Code   RO         3985    .ARM.Collect$$libshutdown$$00000012  c_w.l(libshutdown2.o)
    0x080001c6   0x080001c6   0x00000000   Code   RO         3792    .ARM.Collect$$rtentry$$00000000  c_w.l(__rtentry.o)
    0x080001c6   0x080001c6   0x00000000   Code   RO         3812    .ARM.Collect$$rtentry$$00000002  c_w.l(__rtentry2.o)
    0x080001c6   0x080001c6   0x00000006   Code   RO         3824    .ARM.Collect$$rtentry$$00000004  c_w.l(__rtentry4.o)
    0x080001cc   0x080001cc   0x00000000   Code   RO         3814    .ARM.Collect$$rtentry$$00000009  c_w.l(__rtentry2.o)
    0x080001cc   0x080001cc   0x00000004   Code   RO         3815    .ARM.Collect$$rtentry$$0000000A  c_w.l(__rtentry2.o)
    0x080001d0   0x080001d0   0x00000000   Code   RO         3817    .ARM.Collect$$rtentry$$0000000C  c_w.l(__rtentry2.o)
    0x080001d0   0x080001d0   0x00000008   Code   RO         3818    .ARM.Collect$$rtentry$$0000000D  c_w.l(__rtentry2.o)
    0x080001d8   0x080001d8   0x00000002   Code   RO         3929    .ARM.Collect$$rtexit$$00000000  c_w.l(rtexit.o)
    0x080001da   0x080001da   0x00000000   Code   RO         3936    .ARM.Collect$$rtexit$$00000002  c_w.l(rtexit2.o)
    0x080001da   0x080001da   0x00000004   Code   RO         3937    .ARM.Collect$$rtexit$$00000003  c_w.l(rtexit2.o)
    0x080001de   0x080001de   0x00000006   Code   RO         3938    .ARM.Collect$$rtexit$$00000004  c_w.l(rtexit2.o)
    0x080001e4   0x080001e4   0x00000040   Code   RO         3123    .text               startup_stm32f10x_hd.o
    0x08000224   0x08000224   0x00000028   Code   RO         3732    .text               c_w.l(noretval__2sprintf.o)
    0x0800024c   0x0800024c   0x0000004e   Code   RO         3736    .text               c_w.l(_printf_pad.o)
    0x0800029a   0x0800029a   0x00000002   PAD
    0x0800029c   0x0800029c   0x00000138   Code   RO         3750    .text               c_w.l(__printf_flags_wp.o)
    0x080003d4   0x080003d4   0x00000006   Code   RO         3760    .text               c_w.l(heapauxi.o)
    0x080003da   0x080003da   0x0000041e   Code   RO         3793    .text               c_w.l(_printf_fp_dec.o)
    0x080007f8   0x080007f8   0x00000030   Code   RO         3795    .text               c_w.l(_printf_char_common.o)
    0x08000828   0x08000828   0x0000000a   Code   RO         3797    .text               c_w.l(_sputc.o)
    0x08000832   0x08000832   0x00000002   PAD
    0x08000834   0x08000834   0x00000008   Code   RO         3829    .text               c_w.l(rt_locale_intlibspace.o)
    0x0800083c   0x0800083c   0x0000008a   Code   RO         3831    .text               c_w.l(lludiv10.o)
    0x080008c6   0x080008c6   0x00000002   PAD
    0x080008c8   0x080008c8   0x00000080   Code   RO         3833    .text               c_w.l(_printf_fp_infnan.o)
    0x08000948   0x08000948   0x000000e4   Code   RO         3837    .text               c_w.l(bigflt0.o)
    0x08000a2c   0x08000a2c   0x00000008   Code   RO         3869    .text               c_w.l(libspace.o)
    0x08000a34   0x08000a34   0x0000004a   Code   RO         3872    .text               c_w.l(sys_stackheap_outer.o)
    0x08000a7e   0x08000a7e   0x00000012   Code   RO         3874    .text               c_w.l(exit.o)
    0x08000a90   0x08000a90   0x00000080   Code   RO         3876    .text               c_w.l(strcmpv7m.o)
    0x08000b10   0x08000b10   0x0000000c   Code   RO         3948    .text               c_w.l(sys_exit.o)
    0x08000b1c   0x08000b1c   0x00000002   Code   RO         3959    .text               c_w.l(use_no_semi.o)
    0x08000b1e   0x08000b1e   0x00000000   Code   RO         3961    .text               c_w.l(indicate_semi.o)
    0x08000b1e   0x08000b1e   0x0000003e   Code   RO         3840    CL$$btod_d2e        c_w.l(btod.o)
    0x08000b5c   0x08000b5c   0x00000046   Code   RO         3842    CL$$btod_d2e_denorm_low  c_w.l(btod.o)
    0x08000ba2   0x08000ba2   0x00000060   Code   RO         3841    CL$$btod_d2e_norm_op1  c_w.l(btod.o)
    0x08000c02   0x08000c02   0x00000338   Code   RO         3850    CL$$btod_div_common  c_w.l(btod.o)
    0x08000f3a   0x08000f3a   0x000000dc   Code   RO         3847    CL$$btod_e2e        c_w.l(btod.o)
    0x08001016   0x08001016   0x0000002a   Code   RO         3844    CL$$btod_ediv       c_w.l(btod.o)
    0x08001040   0x08001040   0x0000002a   Code   RO         3843    CL$$btod_emul       c_w.l(btod.o)
    0x0800106a   0x0800106a   0x00000244   Code   RO         3849    CL$$btod_mult_common  c_w.l(btod.o)
    0x080012ae   0x080012ae   0x00000004   Code   RO         3577    i.BusFault_Handler  stm32f10x_it.o
    0x080012b2   0x080012b2   0x0000009c   Code   RO         3304    i.ClearOLEDLine     oled_i2c.o
    0x0800134e   0x0800134e   0x00000002   PAD
    0x08001350   0x08001350   0x00000014   Code   RO         3387    i.DHT22_0_Int_Init  dht22.o
    0x08001364   0x08001364   0x000000a4   Code   RO         3388    i.DHT22_Configuration  dht22.o
    0x08001408   0x08001408   0x00000024   Code   RO         3389    i.DHT22_IPU         dht22.o
    0x0800142c   0x0800142c   0x00000024   Code   RO         3390    i.DHT22_PP          dht22.o
    0x08001450   0x08001450   0x00000154   Code   RO         3391    i.DHT22_checksum    dht22.o
    0x080015a4   0x080015a4   0x0000005c   Code   RO         3392    i.DHT22_get         dht22.o
    0x08001600   0x08001600   0x0000004c   Code   RO         3393    i.DHT22_time        dht22.o
    0x0800164c   0x0800164c   0x00000068   Code   RO         3394    i.DHT22_ts          dht22.o
    0x080016b4   0x080016b4   0x00000190   Code   RO         3395    i.DHT22_ts_bit      dht22.o
    0x08001844   0x08001844   0x00000064   Code   RO         3396    i.DHT22_tst_err     dht22.o
    0x080018a8   0x080018a8   0x000000b4   Code   RO         3397    i.DHT22_tst_stop    dht22.o
    0x0800195c   0x0800195c   0x00000078   Code   RO         3640    i.DP_Configuration  display.o
    0x080019d4   0x080019d4   0x0000003c   Code   RO         3641    i.DP_close          display.o
    0x08001a10   0x08001a10   0x00000002   Code   RO         3578    i.DebugMon_Handler  stm32f10x_it.o
    0x08001a12   0x08001a12   0x00000002   PAD
    0x08001a14   0x08001a14   0x00000044   Code   RO         3127    i.DelayInit         delay.o
    0x08001a58   0x08001a58   0x0000004c   Code   RO         3128    i.DelayMs           delay.o
    0x08001aa4   0x08001aa4   0x00000016   Code   RO         3195    i.EXTI0_IRQHandler  exti.o
    0x08001aba   0x08001aba   0x0000000c   Code   RO         3196    i.EXTI15_10_IRQHandler  exti.o
    0x08001ac6   0x08001ac6   0x0000002c   Code   RO         3197    i.EXTIX_DISABLE     exti.o
    0x08001af2   0x08001af2   0x0000002c   Code   RO         3198    i.EXTIX_ENABLE      exti.o
    0x08001b1e   0x08001b1e   0x00000002   PAD
    0x08001b20   0x08001b20   0x0000000c   Code   RO          951    i.EXTI_ClearITPendingBit  stm32f10x_exti.o
    0x08001b2c   0x08001b2c   0x00000100   Code   RO         3199    i.EXTI_Configuration  exti.o
    0x08001c2c   0x08001c2c   0x00000028   Code   RO          955    i.EXTI_GetITStatus  stm32f10x_exti.o
    0x08001c54   0x08001c54   0x00000094   Code   RO          956    i.EXTI_Init         stm32f10x_exti.o
    0x08001ce8   0x08001ce8   0x00000040   Code   RO         1301    i.GPIO_EXTILineConfig  stm32f10x_gpio.o
    0x08001d28   0x08001d28   0x00000116   Code   RO         1304    i.GPIO_Init         stm32f10x_gpio.o
    0x08001e3e   0x08001e3e   0x00000012   Code   RO         1308    i.GPIO_ReadInputDataBit  stm32f10x_gpio.o
    0x08001e50   0x08001e50   0x00000004   Code   RO         1311    i.GPIO_ResetBits    stm32f10x_gpio.o
    0x08001e54   0x08001e54   0x00000004   Code   RO         1312    i.GPIO_SetBits      stm32f10x_gpio.o
    0x08001e58   0x08001e58   0x00000004   Code   RO         3579    i.HardFault_Handler  stm32f10x_it.o
    0x08001e5c   0x08001e5c   0x0000002a   Code   RO         1415    i.I2C_CheckEvent    stm32f10x_i2c.o
    0x08001e86   0x08001e86   0x00000018   Code   RO         1418    i.I2C_Cmd           stm32f10x_i2c.o
    0x08001e9e   0x08001e9e   0x00000002   PAD
    0x08001ea0   0x08001ea0   0x0000007c   Code   RO         3305    i.I2C_Configuration  oled_i2c.o
    0x08001f1c   0x08001f1c   0x00000038   Code   RO         1421    i.I2C_DeInit        stm32f10x_i2c.o
    0x08001f54   0x08001f54   0x00000018   Code   RO         1425    i.I2C_GenerateSTART  stm32f10x_i2c.o
    0x08001f6c   0x08001f6c   0x00000018   Code   RO         1426    i.I2C_GenerateSTOP  stm32f10x_i2c.o
    0x08001f84   0x08001f84   0x0000003a   Code   RO         1427    i.I2C_GetFlagStatus  stm32f10x_i2c.o
    0x08001fbe   0x08001fbe   0x00000002   PAD
    0x08001fc0   0x08001fc0   0x000000ec   Code   RO         1432    i.I2C_Init          stm32f10x_i2c.o
    0x080020ac   0x080020ac   0x00000012   Code   RO         1439    i.I2C_Send7bitAddress  stm32f10x_i2c.o
    0x080020be   0x080020be   0x00000004   Code   RO         1440    i.I2C_SendData      stm32f10x_i2c.o
    0x080020c2   0x080020c2   0x00000002   PAD
    0x080020c4   0x080020c4   0x0000008c   Code   RO         3306    i.I2C_WriteByte     oled_i2c.o
    0x08002150   0x08002150   0x00000010   Code   RO         1616    i.IWDG_Enable       stm32f10x_iwdg.o
    0x08002160   0x08002160   0x00000010   Code   RO         1618    i.IWDG_ReloadCounter  stm32f10x_iwdg.o
    0x08002170   0x08002170   0x0000000c   Code   RO         1619    i.IWDG_SetPrescaler  stm32f10x_iwdg.o
    0x0800217c   0x0800217c   0x0000000c   Code   RO         1620    i.IWDG_SetReload    stm32f10x_iwdg.o
    0x08002188   0x08002188   0x0000000c   Code   RO         1621    i.IWDG_WriteAccessCmd  stm32f10x_iwdg.o
    0x08002194   0x08002194   0x00000060   Code   RO         3502    i.KEY_Configuration  key.o
    0x080021f4   0x080021f4   0x00000004   Code   RO         3580    i.MemManage_Handler  stm32f10x_it.o
    0x080021f8   0x080021f8   0x00000002   Code   RO         3581    i.NMI_Handler       stm32f10x_it.o
    0x080021fa   0x080021fa   0x00000002   PAD
    0x080021fc   0x080021fc   0x00000070   Code   RO          130    i.NVIC_Init         misc.o
    0x0800226c   0x0800226c   0x00000014   Code   RO          131    i.NVIC_PriorityGroupConfig  misc.o
    0x08002280   0x08002280   0x0000000a   Code   RO         3307    i.OLED_CLS          oled_i2c.o
    0x0800228a   0x0800228a   0x0000003a   Code   RO         3308    i.OLED_Fill         oled_i2c.o
    0x080022c4   0x080022c4   0x000000b2   Code   RO         3309    i.OLED_Init         oled_i2c.o
    0x08002376   0x08002376   0x00000028   Code   RO         3312    i.OLED_SetPos       oled_i2c.o
    0x0800239e   0x0800239e   0x00000002   PAD
    0x080023a0   0x080023a0   0x000000ec   Code   RO         3313    i.OLED_ShowStr      oled_i2c.o
    0x0800248c   0x0800248c   0x00000002   Code   RO         3582    i.PendSV_Handler    stm32f10x_it.o
    0x0800248e   0x0800248e   0x00000002   PAD
    0x08002490   0x08002490   0x00000020   Code   RO         1720    i.RCC_APB1PeriphClockCmd  stm32f10x_rcc.o
    0x080024b0   0x080024b0   0x00000020   Code   RO         1721    i.RCC_APB1PeriphResetCmd  stm32f10x_rcc.o
    0x080024d0   0x080024d0   0x00000020   Code   RO         1722    i.RCC_APB2PeriphClockCmd  stm32f10x_rcc.o
    0x080024f0   0x080024f0   0x000000d4   Code   RO         1730    i.RCC_GetClocksFreq  stm32f10x_rcc.o
    0x080025c4   0x080025c4   0x0000004c   Code   RO         3521    i.SCP_Configuration  scp.o
    0x08002610   0x08002610   0x000000b4   Code   RO         3524    i.SCP_run           scp.o
    0x080026c4   0x080026c4   0x00000002   Code   RO         3583    i.SVC_Handler       stm32f10x_it.o
    0x080026c6   0x080026c6   0x00000008   Code   RO           17    i.SetSysClock       system_stm32f10x.o
    0x080026ce   0x080026ce   0x00000002   PAD
    0x080026d0   0x080026d0   0x000000e0   Code   RO           18    i.SetSysClockTo72   system_stm32f10x.o
    0x080027b0   0x080027b0   0x00000028   Code   RO          134    i.SysTick_CLKSourceConfig  misc.o
    0x080027d8   0x080027d8   0x00000002   Code   RO         3584    i.SysTick_Handler   stm32f10x_it.o
    0x080027da   0x080027da   0x00000002   PAD
    0x080027dc   0x080027dc   0x00000060   Code   RO           20    i.SystemInit        system_stm32f10x.o
    0x0800283c   0x0800283c   0x000000f4   Code   RO         3231    i.TIM2_IRQHandler   tim.o
    0x08002930   0x08002930   0x0000005e   Code   RO         3232    i.TIM2_Int_Init     tim.o
    0x0800298e   0x0800298e   0x00000002   PAD
    0x08002990   0x08002990   0x00000068   Code   RO         3233    i.TIM3_IRQHandler   tim.o
    0x080029f8   0x080029f8   0x0000006c   Code   RO         3234    i.TIM3_Int_Init     tim.o
    0x08002a64   0x08002a64   0x00000020   Code   RO         3235    i.TIM4_IRQHandler   tim.o
    0x08002a84   0x08002a84   0x00000040   Code   RO         3236    i.TIM4_Int_Init     tim.o
    0x08002ac4   0x08002ac4   0x00000050   Code   RO         3237    i.TIM4_TInt_Init    tim.o
    0x08002b14   0x08002b14   0x00000010   Code   RO         3238    i.TIMX_Configuration  tim.o
    0x08002b24   0x08002b24   0x00000006   Code   RO         2349    i.TIM_ClearITPendingBit  stm32f10x_tim.o
    0x08002b2a   0x08002b2a   0x00000018   Code   RO         2354    i.TIM_Cmd           stm32f10x_tim.o
    0x08002b42   0x08002b42   0x00000006   Code   RO         2373    i.TIM_GetCounter    stm32f10x_tim.o
    0x08002b48   0x08002b48   0x00000022   Code   RO         2375    i.TIM_GetITStatus   stm32f10x_tim.o
    0x08002b6a   0x08002b6a   0x00000012   Code   RO         2379    i.TIM_ITConfig      stm32f10x_tim.o
    0x08002b7c   0x08002b7c   0x00000004   Code   RO         2413    i.TIM_SetAutoreload  stm32f10x_tim.o
    0x08002b80   0x08002b80   0x00000004   Code   RO         2419    i.TIM_SetCounter    stm32f10x_tim.o
    0x08002b84   0x08002b84   0x000000a4   Code   RO         2425    i.TIM_TimeBaseInit  stm32f10x_tim.o
    0x08002c28   0x08002c28   0x00000004   Code   RO         3585    i.UsageFault_Handler  stm32f10x_it.o
    0x08002c2c   0x08002c2c   0x00000028   Code   RO         3292    i.WWDG_Configuration  iwdg.o
    0x08002c54   0x08002c54   0x0000000e   Code   RO         3314    i.WriteCmd          oled_i2c.o
    0x08002c62   0x08002c62   0x0000000e   Code   RO         3315    i.WriteDat          oled_i2c.o
    0x08002c70   0x08002c70   0x00000028   Code   RO         3867    i.__ARM_fpclassify  m_ws.l(fpclassify.o)
    0x08002c98   0x08002c98   0x0000000e   Code   RO         3748    i._is_digit         c_w.l(__printf_wp.o)
    0x08002ca6   0x08002ca6   0x00000002   PAD
    0x08002ca8   0x08002ca8   0x000000d4   Code   RO         3642    i.curr_temper       display.o
    0x08002d7c   0x08002d7c   0x00000134   Code   RO         3643    i.dp0_show          display.o
    0x08002eb0   0x08002eb0   0x000002cc   Code   RO         3644    i.dp_key            display.o
    0x0800317c   0x0800317c   0x00000020   Code   RO         3645    i.dp_open           display.o
    0x0800319c   0x0800319c   0x00000070   Code   RO         3646    i.dp_setj_counter   display.o
    0x0800320c   0x0800320c   0x00000044   Code   RO         3558    i.main              main.o
    0x08003250   0x08003250   0x0000007c   Code   RO         3398    i.minus_count_tempers  dht22.o
    0x080032cc   0x080032cc   0x00000050   Code   RO         3399    i.minus_tempers     dht22.o
    0x0800331c   0x0800331c   0x0000007c   Code   RO         3400    i.plus_count_tempers  dht22.o
    0x08003398   0x08003398   0x00000050   Code   RO         3401    i.plus_tempers      dht22.o
    0x080033e8   0x080033e8   0x00000018   Code   RO         3402    i.reset_tempers     dht22.o
    0x08003400   0x08003400   0x0000002c   Code   RO         3647    i.set_temper0       display.o
    0x0800342c   0x0800342c   0x000000b0   Code   RO         3648    i.set_temper1       display.o
    0x080034dc   0x080034dc   0x00000040   Code   RO         3403    i.set_tempers       dht22.o
    0x0800351c   0x0800351c   0x00000070   Code   RO         3649    i.settemper0        display.o
    0x0800358c   0x0800358c   0x00000002   Code   RO         3650    i.settemper1        display.o
    0x0800358e   0x0800358e   0x00000002   PAD
    0x08003590   0x08003590   0x0000011c   Code   RO         3651    i.sys_info          display.o
    0x080036ac   0x080036ac   0x0000002c   Code   RO         3863    locale$$code        c_w.l(lc_numeric_c.o)
    0x080036d8   0x080036d8   0x0000000c   Code   RO         3800    x$fpl$dretinf       fz_ws.l(dretinf.o)
    0x080036e4   0x080036e4   0x00000056   Code   RO         3764    x$fpl$f2d           fz_ws.l(f2d.o)
    0x0800373a   0x0800373a   0x00000002   PAD
    0x0800373c   0x0800373c   0x000000c4   Code   RO         3766    x$fpl$fadd          fz_ws.l(faddsub_clz.o)
    0x08003800   0x08003800   0x00000018   Code   RO         3802    x$fpl$fcmpinf       fz_ws.l(fcmpi.o)
    0x08003818   0x08003818   0x00000184   Code   RO         3773    x$fpl$fdiv          fz_ws.l(fdiv.o)
    0x0800399c   0x0800399c   0x00000068   Code   RO         3776    x$fpl$feqf          fz_ws.l(feqf.o)
    0x08003a04   0x08003a04   0x0000003e   Code   RO         3778    x$fpl$ffixu         fz_ws.l(ffixu.o)
    0x08003a42   0x08003a42   0x00000002   PAD
    0x08003a44   0x08003a44   0x00000030   Code   RO         3783    x$fpl$fflt          fz_ws.l(fflt_clz.o)
    0x08003a74   0x08003a74   0x00000026   Code   RO         3782    x$fpl$ffltu         fz_ws.l(fflt_clz.o)
    0x08003a9a   0x08003a9a   0x00000002   PAD
    0x08003a9c   0x08003a9c   0x00000068   Code   RO         3804    x$fpl$fleqf         fz_ws.l(fleqf.o)
    0x08003b04   0x08003b04   0x0000008c   Code   RO         3806    x$fpl$fnaninf       fz_ws.l(fnaninf.o)
    0x08003b90   0x08003b90   0x0000000a   Code   RO         3808    x$fpl$fretinf       fz_ws.l(fretinf.o)
    0x08003b9a   0x08003b9a   0x00000062   Code   RO         3788    x$fpl$frleqf        fz_ws.l(frleqf.o)
    0x08003bfc   0x08003bfc   0x00000014   Code   RO         3767    x$fpl$frsb          fz_ws.l(faddsub_clz.o)
    0x08003c10   0x08003c10   0x000000ea   Code   RO         3768    x$fpl$fsub          fz_ws.l(faddsub_clz.o)
    0x08003cfa   0x08003cfa   0x00000004   Code   RO         3790    x$fpl$printf1       fz_ws.l(printf1.o)
    0x08003cfe   0x08003cfe   0x00000000   Code   RO         3810    x$fpl$usenofp       fz_ws.l(usenofp.o)
    0x08003cfe   0x08003cfe   0x00000818   Data   RO         3316    .constdata          oled_i2c.o
    0x08004516   0x08004516   0x00000011   Data   RO         3751    .constdata          c_w.l(__printf_flags_wp.o)
    0x08004527   0x08004527   0x00000001   PAD
    0x08004528   0x08004528   0x00000094   Data   RO         3838    .constdata          c_w.l(bigflt0.o)
    0x080045bc   0x080045bc   0x00000020   Data   RO         4010    Region$$Table       anon$$obj.o
    0x080045dc   0x080045dc   0x0000001c   Data   RO         3862    locale$$data        c_w.l(lc_numeric_c.o)


    Execution Region RW_IRAM1 (Exec base: 0x20000000, Load base: 0x080045f8, Size: 0x00000720, Max: 0x00005000, ABSOLUTE)

    Exec Addr    Load Addr    Size         Type   Attr      Idx    E Section Name        Object

    0x20000000   0x080045f8   0x00000014   Data   RW           21    .data               system_stm32f10x.o
    0x20000014   0x0800460c   0x00000014   Data   RW         1750    .data               stm32f10x_rcc.o
    0x20000028   0x08004620   0x00000004   Data   RW         3131    .data               delay.o
    0x2000002c   0x08004624   0x00000004   Data   RW         3239    .data               tim.o
    0x20000030   0x08004628   0x00000048   Data   RW         3404    .data               dht22.o
    0x20000078   0x08004670   0x00000006   Data   RW         3503    .data               key.o
    0x2000007e   0x08004676   0x00000009   Data   RW         3525    .data               scp.o
    0x20000087   0x0800467f   0x00000001   PAD
    0x20000088   0x08004680   0x00000033   Data   RW         3652    .data               display.o
    0x200000bb   0x080046b3   0x00000001   PAD
    0x200000bc        -       0x00000060   Zero   RW         3870    .bss                c_w.l(libspace.o)
    0x2000011c   0x080046b3   0x00000004   PAD
    0x20000120        -       0x00000200   Zero   RW         3121    HEAP                startup_stm32f10x_hd.o
    0x20000320        -       0x00000400   Zero   RW         3120    STACK               startup_stm32f10x_hd.o


==============================================================================

Image component sizes


      Code (inc. data)   RO Data    RW Data    ZI Data      Debug   Object Name

         0          0          0          0          0       4580   core_cm3.o
       144         22          0          4          0       1094   delay.o
      2044        362          0         72          0       9786   dht22.o
      2178        466          0         51          0       7178   display.o
       378          0          0          0          0       2762   exti.o
        40          0          0          0          0        445   iwdg.o
        96         30          0          6          0        813   key.o
        68          0          0          0          0        447   main.o
       172         22          0          0          0     207249   misc.o
       970         36       2072          0          0       6251   oled_i2c.o
       256         52          0          9          0       1729   scp.o
        64         26        304          0       1536        768   startup_stm32f10x_hd.o
       200         18          0          0          0       1860   stm32f10x_exti.o
       368          4          0          0          0       3910   stm32f10x_gpio.o
       486         20          0          0          0       6539   stm32f10x_i2c.o
        26          0          0          0          0       3542   stm32f10x_it.o
        68         30          0          0          0       2182   stm32f10x_iwdg.o
       308         38          0         20          0       4643   stm32f10x_rcc.o
       260         42          0          0          0       4620   stm32f10x_tim.o
       328         28          0         20          0      47221   system_stm32f10x.o
       742         66          0          4          0       4135   tim.o

    ----------------------------------------------------------------------
      9222       1262       2408        188       1536     321754   Object Totals
         0          0         32          0          0          0   (incl. Generated)
        26          0          0          2          0          0   (incl. Padding)

    ----------------------------------------------------------------------

      Code (inc. data)   RO Data    RW Data    ZI Data      Debug   Library Member Name

         8          0          0          0          0         68   __main.o
       312          4         17          0          0         92   __printf_flags_wp.o
        14          0          0          0          0         68   __printf_wp.o
         0          0          0          0          0          0   __rtentry.o
        12          0          0          0          0          0   __rtentry2.o
         6          0          0          0          0          0   __rtentry4.o
        52          8          0          0          0          0   __scatter.o
        26          0          0          0          0          0   __scatter_copy.o
        28          0          0          0          0          0   __scatter_zi.o
        48          6          0          0          0         96   _printf_char_common.o
         6          0          0          0          0          0   _printf_f.o
      1054          0          0          0          0        216   _printf_fp_dec.o
       128         16          0          0          0         84   _printf_fp_infnan.o
        78          0          0          0          0        108   _printf_pad.o
         0          0          0          0          0          0   _printf_percent.o
         4          0          0          0          0          0   _printf_percent_end.o
        10          0          0          0          0         68   _sputc.o
       228          4        148          0          0         96   bigflt0.o
      1936        128          0          0          0        672   btod.o
        18          0          0          0          0         80   exit.o
         6          0          0          0          0        152   heapauxi.o
         0          0          0          0          0          0   indicate_semi.o
        44         10         28          0          0         76   lc_numeric_c.o
         2          0          0          0          0          0   libinit.o
        18          0          0          0          0          0   libinit2.o
         2          0          0          0          0          0   libshutdown.o
         2          0          0          0          0          0   libshutdown2.o
         8          4          0          0         96         68   libspace.o
       138          0          0          0          0         80   lludiv10.o
        40          6          0          0          0         84   noretval__2sprintf.o
         8          4          0          0          0         68   rt_locale_intlibspace.o
         2          0          0          0          0          0   rtexit.o
        10          0          0          0          0          0   rtexit2.o
       128          0          0          0          0         68   strcmpv7m.o
        12          4          0          0          0         68   sys_exit.o
        74          0          0          0          0         80   sys_stackheap_outer.o
         2          0          0          0          0         68   use_no_semi.o
        12          0          0          0          0         68   dretinf.o
        86          4          0          0          0         84   f2d.o
       450          8          0          0          0        236   faddsub_clz.o
        24          0          0          0          0         68   fcmpi.o
       388         76          0          0          0         96   fdiv.o
       104          4          0          0          0         84   feqf.o
        62          4          0          0          0         84   ffixu.o
        86          0          0          0          0        136   fflt_clz.o
       104          4          0          0          0         84   fleqf.o
       140          4          0          0          0         84   fnaninf.o
        10          0          0          0          0         68   fretinf.o
        98          0          0          0          0         68   frleqf.o
         4          0          0          0          0         68   printf1.o
         0          0          0          0          0          0   usenofp.o
        40          0          0          0          0         68   fpclassify.o

    ----------------------------------------------------------------------
      6088        298        194          0        100       3756   Library Totals
        16          0          1          0          4          0   (incl. Padding)

    ----------------------------------------------------------------------

      Code (inc. data)   RO Data    RW Data    ZI Data      Debug   Library Name

      4464        194        193          0         96       2460   c_w.l
      1568        104          0          0          0       1228   fz_ws.l
        40          0          0          0          0         68   m_ws.l

    ----------------------------------------------------------------------
      6088        298        194          0        100       3756   Library Totals

    ----------------------------------------------------------------------

==============================================================================


      Code (inc. data)   RO Data    RW Data    ZI Data      Debug   

     15310       1560       2602        188       1636     317914   Grand Totals
     15310       1560       2602        188       1636     317914   ELF Image Totals
     15310       1560       2602        188          0          0   ROM Totals

==============================================================================

    Total RO  Size (Code + RO Data)                17912 (  17.49kB)
    Total RW  Size (RW Data + ZI Data)              1824 (   1.78kB)
    Total ROM Size (Code + RO Data + RW Data)      18100 (  17.68kB)

==============================================================================

